Archive member included because of file (symbol)

c:/altera/13.1/nios2eds/bin/gnu/h-i686-mingw32/bin/../lib/gcc/nios2-elf/4.7.3\libgcc.a(_udivdi3.o)
                              obj/default/hello_world.o (__udivdi3)
c:/altera/13.1/nios2eds/bin/gnu/h-i686-mingw32/bin/../lib/gcc/nios2-elf/4.7.3\libgcc.a(lib2-divmod.o)
                              c:/altera/13.1/nios2eds/bin/gnu/h-i686-mingw32/bin/../lib/gcc/nios2-elf/4.7.3\libgcc.a(_udivdi3.o) (__udivsi3)
c:/altera/13.1/nios2eds/bin/gnu/h-i686-mingw32/bin/../lib/gcc/nios2-elf/4.7.3\libgcc.a(_clz.o)
                              c:/altera/13.1/nios2eds/bin/gnu/h-i686-mingw32/bin/../lib/gcc/nios2-elf/4.7.3\libgcc.a(_udivdi3.o) (__clz_tab)
c:/altera/13.1/nios2eds/bin/gnu/h-i686-mingw32/bin/../lib/gcc/nios2-elf/4.7.3/../../../../../H-i686-mingw32/nios2-elf/lib\libc.a(lib_a-fopen.o)
                              obj/default/hello_world.o (fopen)
c:/altera/13.1/nios2eds/bin/gnu/h-i686-mingw32/bin/../lib/gcc/nios2-elf/4.7.3/../../../../../H-i686-mingw32/nios2-elf/lib\libc.a(lib_a-fseek.o)
                              c:/altera/13.1/nios2eds/bin/gnu/h-i686-mingw32/bin/../lib/gcc/nios2-elf/4.7.3/../../../../../H-i686-mingw32/nios2-elf/lib\libc.a(lib_a-fopen.o) (_fseek_r)
c:/altera/13.1/nios2eds/bin/gnu/h-i686-mingw32/bin/../lib/gcc/nios2-elf/4.7.3/../../../../../H-i686-mingw32/nios2-elf/lib\libc.a(lib_a-fstatr.o)
                              c:/altera/13.1/nios2eds/bin/gnu/h-i686-mingw32/bin/../lib/gcc/nios2-elf/4.7.3/../../../../../H-i686-mingw32/nios2-elf/lib\libc.a(lib_a-fseek.o) (_fstat_r)
c:/altera/13.1/nios2eds/bin/gnu/h-i686-mingw32/bin/../lib/gcc/nios2-elf/4.7.3/../../../../../H-i686-mingw32/nios2-elf/lib\libc.a(lib_a-fwrite.o)
                              obj/default/hello_world.o (fwrite)
c:/altera/13.1/nios2eds/bin/gnu/h-i686-mingw32/bin/../lib/gcc/nios2-elf/4.7.3/../../../../../H-i686-mingw32/nios2-elf/lib\libc.a(lib_a-getc.o)
                              obj/default/hello_world.o (getc)
c:/altera/13.1/nios2eds/bin/gnu/h-i686-mingw32/bin/../lib/gcc/nios2-elf/4.7.3/../../../../../H-i686-mingw32/nios2-elf/lib\libc.a(lib_a-impure.o)
                              c:/altera/13.1/nios2eds/bin/gnu/h-i686-mingw32/bin/../lib/gcc/nios2-elf/4.7.3/../../../../../H-i686-mingw32/nios2-elf/lib\libc.a(lib_a-fopen.o) (_impure_ptr)
c:/altera/13.1/nios2eds/bin/gnu/h-i686-mingw32/bin/../lib/gcc/nios2-elf/4.7.3/../../../../../H-i686-mingw32/nios2-elf/lib\libc.a(lib_a-int_errno.o)
                              c:/altera/13.1/nios2eds/bin/gnu/h-i686-mingw32/bin/../lib/gcc/nios2-elf/4.7.3/../../../../../H-i686-mingw32/nios2-elf/lib\libc.a(lib_a-fstatr.o) (errno)
c:/altera/13.1/nios2eds/bin/gnu/h-i686-mingw32/bin/../lib/gcc/nios2-elf/4.7.3/../../../../../H-i686-mingw32/nios2-elf/lib\libc.a(lib_a-makebuf.o)
                              c:/altera/13.1/nios2eds/bin/gnu/h-i686-mingw32/bin/../lib/gcc/nios2-elf/4.7.3/../../../../../H-i686-mingw32/nios2-elf/lib\libc.a(lib_a-fseek.o) (__smakebuf_r)
c:/altera/13.1/nios2eds/bin/gnu/h-i686-mingw32/bin/../lib/gcc/nios2-elf/4.7.3/../../../../../H-i686-mingw32/nios2-elf/lib\libc.a(lib_a-mallocr.o)
                              c:/altera/13.1/nios2eds/bin/gnu/h-i686-mingw32/bin/../lib/gcc/nios2-elf/4.7.3/../../../../../H-i686-mingw32/nios2-elf/lib\libc.a(lib_a-makebuf.o) (_malloc_r)
c:/altera/13.1/nios2eds/bin/gnu/h-i686-mingw32/bin/../lib/gcc/nios2-elf/4.7.3/../../../../../H-i686-mingw32/nios2-elf/lib\libc.a(lib_a-memcpy.o)
                              obj/default/hello_world.o (memcpy)
c:/altera/13.1/nios2eds/bin/gnu/h-i686-mingw32/bin/../lib/gcc/nios2-elf/4.7.3/../../../../../H-i686-mingw32/nios2-elf/lib\libc.a(lib_a-openr.o)
                              c:/altera/13.1/nios2eds/bin/gnu/h-i686-mingw32/bin/../lib/gcc/nios2-elf/4.7.3/../../../../../H-i686-mingw32/nios2-elf/lib\libc.a(lib_a-fopen.o) (_open_r)
c:/altera/13.1/nios2eds/bin/gnu/h-i686-mingw32/bin/../lib/gcc/nios2-elf/4.7.3/../../../../../H-i686-mingw32/nios2-elf/lib\libc.a(lib_a-printf.o)
                              obj/default/hello_world.o (printf)
c:/altera/13.1/nios2eds/bin/gnu/h-i686-mingw32/bin/../lib/gcc/nios2-elf/4.7.3/../../../../../H-i686-mingw32/nios2-elf/lib\libc.a(lib_a-putchar.o)
                              obj/default/hello_world.o (putchar)
c:/altera/13.1/nios2eds/bin/gnu/h-i686-mingw32/bin/../lib/gcc/nios2-elf/4.7.3/../../../../../H-i686-mingw32/nios2-elf/lib\libc.a(lib_a-puts.o)
                              obj/default/hello_world.o (puts)
c:/altera/13.1/nios2eds/bin/gnu/h-i686-mingw32/bin/../lib/gcc/nios2-elf/4.7.3/../../../../../H-i686-mingw32/nios2-elf/lib\libc.a(lib_a-refill.o)
                              c:/altera/13.1/nios2eds/bin/gnu/h-i686-mingw32/bin/../lib/gcc/nios2-elf/4.7.3/../../../../../H-i686-mingw32/nios2-elf/lib\libc.a(lib_a-fseek.o) (__srefill_r)
c:/altera/13.1/nios2eds/bin/gnu/h-i686-mingw32/bin/../lib/gcc/nios2-elf/4.7.3/../../../../../H-i686-mingw32/nios2-elf/lib\libc.a(lib_a-rget.o)
[...]
Memory Configuration

Name             Origin             Length             Attributes
reset            0x02000000         0x00000020
SDRAM            0x02000020         0x01ffffe0
onchip_memory2_0 0x04008000         0x00006590
*default*        0x00000000         0xffffffff

Linker script and memory map

LOAD C:/FPGAcontrol/CPU_bsp//obj/HAL/src/crt0.o
LOAD obj/default/hello_world.o
LOAD c:/altera/13.1/nios2eds/bin/gnu/h-i686-mingw32/bin/../lib/gcc/nios2-elf/4.7.3/../../../../../H-i686-mingw32/nios2-elf/lib\libstdc++.a
LOAD c:/altera/13.1/nios2eds/bin/gnu/h-i686-mingw32/bin/../lib/gcc/nios2-elf/4.7.3/../../../../../H-i686-mingw32/nios2-elf/lib\libm.a
LOAD c:/altera/13.1/nios2eds/bin/gnu/h-i686-mingw32/bin/../lib/gcc/nios2-elf/4.7.3\libgcc.a
START GROUP
LOAD c:/altera/13.1/nios2eds/bin/gnu/h-i686-mingw32/bin/../lib/gcc/nios2-elf/4.7.3/../../../../../H-i686-mingw32/nios2-elf/lib\libc.a
LOAD c:/altera/13.1/nios2eds/bin/gnu/h-i686-mingw32/bin/../lib/gcc/nios2-elf/4.7.3\libgcc.a
LOAD C:/FPGAcontrol/CPU_bsp/\libhal_bsp.a
END GROUP
LOAD c:/altera/13.1/nios2eds/bin/gnu/h-i686-mingw32/bin/../lib/gcc/nios2-elf/4.7.3\libgcc.a
                0x02000000                __alt_mem_SDRAM = 0x2000000
                0x04008000                __alt_mem_onchip_memory2_0 = 0x4008000

.entry          0x02000000       0x20
 *(.entry)
 .entry         0x02000000       0x20 C:/FPGAcontrol/CPU_bsp//obj/HAL/src/crt0.o
                0x02000000                __reset

.exceptions     0x02000020      0x198
                0x02000020                PROVIDE (__ram_exceptions_start, ABSOLUTE (.))
                0x02000020                . = ALIGN (0x20)
 *(.irq)
 *(.exceptions.entry.label)
 .exceptions.entry.label
                0x02000020        0x0 C:/FPGAcontrol/CPU_bsp/\libhal_bsp.a(alt_irq_entry.o)
                0x02000020                alt_irq_entry
 .exceptions.entry.label
                0x02000020        0x0 C:/FPGAcontrol/CPU_bsp/\libhal_bsp.a(alt_exception_entry.o)
                0x02000020                alt_exception
 *(.exceptions.entry.user)
 *(.exceptions.entry.ecc_fatal)
 *(.exceptions.entry)
 .exceptions.entry
                0x02000020       0x54 C:/FPGAcontrol/CPU_bsp/\libhal_bsp.a(alt_exception_entry.o)
 *(.exceptions.irqtest.user)
 *(.exceptions.irqtest)
 .exceptions.irqtest
                0x02000074       0x10 C:/FPGAcontrol/CPU_bsp/\libhal_bsp.a(alt_irq_entry.o)
 *(.exceptions.irqhandler.user)
 *(.exceptions.irqhandler)
 .exceptions.irqhandler
                0x02000084        0x4 C:/FPGAcontrol/CPU_bsp/\libhal_bsp.a(alt_irq_entry.o)
 *(.exceptions.irqreturn.user)
 *(.exceptions.irqreturn)
 .exceptions.irqreturn
                0x02000088        0x4 C:/FPGAcontrol/CPU_bsp/\libhal_bsp.a(alt_irq_entry.o)
 *(.exceptions.notirq.label)
 .exceptions.notirq.label
                0x0200008c        0x0 C:/FPGAcontrol/CPU_bsp/\libhal_bsp.a(alt_irq_entry.o)
 *(.exceptions.notirq.user)
 *(.exceptions.notirq)
 .exceptions.notirq
                0x0200008c        0x8 C:/FPGAcontrol/CPU_bsp/\libhal_bsp.a(alt_exception_entry.o)
 *(.exceptions.soft.user)
 *(.exceptions.soft)
 *(.exceptions.unknown.user)
 *(.exceptions.unknown)
 .exceptions.unknown
                0x02000094        0x4 C:/FPGAcontrol/CPU_bsp/\libhal_bsp.a(alt_exception_entry.o)
 *(.exceptions.exit.label)
 .exceptions.exit.label
                0x02000098        0x0 C:/FPGAcontrol/CPU_bsp/\libhal_bsp.a(alt_irq_entry.o)
 .exceptions.exit.label
                0x02000098        0x0 C:/FPGAcontrol/CPU_bsp/\libhal_bsp.a(alt_exception_entry.o)
 *(.exceptions.exit.user)
 *(.exceptions.exit)
 .exceptions.exit
                0x02000098       0x54 C:/FPGAcontrol/CPU_bsp/\libhal_bsp.a(alt_exception_entry.o)
 *(.exceptions)
 .exceptions    0x020000ec       0xcc C:/FPGAcontrol/CPU_bsp/\libhal_bsp.a(alt_irq_handler.o)
                0x020000ec                alt_irq_handler
                0x020001b8                PROVIDE (__ram_exceptions_end, ABSOLUTE (.))
                0x02000020                PROVIDE (__flash_exceptions_start, LOADADDR (.exceptions))

.text           0x020001b8     0xded8
                0x020001b8                PROVIDE (stext, ABSOLUTE (.))
 *(.interp)
 *(.hash)
 *(.dynsym)
 *(.dynstr)
 *(.gnu.version)
 *(.gnu.version_d)
 *(.gnu.version_r)
 *(.rel.init)
 *(.rela.init)
 *(.rel.text .rel.text.* .rel.gnu.linkonce.t.*)
 *(.rela.text .rela.text.* .rela.gnu.linkonce.t.*)
 *(.rel.fini)
 *(.rela.fini)
 *(.rel.rodata .rel.rodata.* .rel.gnu.linkonce.r.*)
 *(.rela.rodata .rela.rodata.* .rela.gnu.linkonce.r.*)
 *(.rel.data .rel.data.* .rel.gnu.linkonce.d.*)
 *(.rela.data .rela.data.* .rela.gnu.linkonce.d.*)
 *(.rel.tdata .rel.tdata.* .rel.gnu.linkonce.td.*)
 *(.rela.tdata .rela.tdata.* .rela.gnu.linkonce.td.*)
 *(.rel.tbss .rel.tbss.* .rel.gnu.linkonce.tb.*)
 *(.rela.tbss .rela.tbss.* .rela.gnu.linkonce.tb.*)
 *(.rel.ctors)
 *(.rela.ctors)
 *(.rel.dtors)
 *(.rela.dtors)
 *(.rel.got)
 *(.rela.got)
 *(.rel.sdata .rel.sdata.* .rel.gnu.linkonce.s.*)
 *(.rela.sdata .rela.sdata.* .rela.gnu.linkonce.s.*)
 *(.rel.sbss .rel.sbss.* .rel.gnu.linkonce.sb.*)
 *(.rela.sbss .rela.sbss.* .rela.gnu.linkonce.sb.*)
 *(.rel.sdata2 .rel.sdata2.* .rel.gnu.linkonce.s2.*)
 *(.rela.sdata2 .rela.sdata2.* .rela.gnu.linkonce.s2.*)
 *(.rel.sbss2 .rel.sbss2.* .rel.gnu.linkonce.sb2.*)
 *(.rela.sbss2 .rela.sbss2.* .rela.gnu.linkonce.sb2.*)
 *(.rel.bss .rel.bss.* .rel.gnu.linkonce.b.*)
 *(.rela.bss .rela.bss.* .rela.gnu.linkonce.b.*)
 *(.rel.plt)
 *(.rela.plt)
 *(.rel.dyn)
 *(.init)
 *(.plt)
 *(.text .stub .text.* .gnu.linkonce.t.*)
 .text          0x020001b8       0x4c C:/FPGAcontrol/CPU_bsp//obj/HAL/src/crt0.o
                0x020001b8                _start
 .text          0x02000204      0x984 obj/default/hello_world.o
                0x02000204                errorHandler
                0x0200023c                millis
                0x020002b4                writeByte
                0x02000344                sendPacket
                0x0200044c                printPacket
                0x020004dc                readPacket
                0x020006f0                checkReturn
                0x02000750                delay
                0x02000798                setup
                0x020009e4                printHeader
                0x02000a30                readANT
                0x02000b6c                main
 .text          0x02000b88      0x5c8 c:/altera/13.1/nios2eds/bin/gnu/h-i686-mingw32/bin/../lib/gcc/nios2-elf/4.7.3\libgcc.a(_udivdi3.o)
                0x02000b88                __udivdi3
 .text          0x02001150      0x130 c:/altera/13.1/nios2eds/bin/gnu/h-i686-mingw32/bin/../lib/gcc/nios2-elf/4.7.3\libgcc.a(lib2-divmod.o)
                0x020011c4                __divsi3
                0x02001214                __modsi3
                0x02001270                __udivsi3
                0x02001278                __umodsi3
 .text          0x02001280        0x0 c:/altera/13.1/nios2eds/bin/gnu/h-i686-mingw32/bin/../lib/gcc/nios2-elf/4.7.3\libgcc.a(_clz.o)
 .text          0x02001280      0x14c c:/altera/13.1/nios2eds/bin/gnu/h-i686-mingw32/bin/../lib/gcc/nios2-elf/4.7.3/../../../../../H-i686-mingw32/nios2-elf/lib\libc.a(lib_a-fopen.o)
                0x02001280                _fopen_r
                0x020013b0                fopen
 .text          0x020013cc      0x498 c:/altera/13.1/nios2eds/bin/gnu/h-i686-mingw32/bin/../lib/gcc/nios2-elf/4.7.3/../../../../../H-i686-mingw32/nios2-elf/lib\libc.a(lib_a-fseek.o)
                0x020013cc                _fseek_r
                0x02001840                fseek
 .text          0x02001864       0x68 c:/altera/13.1/nios2eds/bin/gnu/h-i686-mingw32/bin/../lib/gcc/nios2-elf/4.7.3/../../../../../H-i686-mingw32/nios2-elf/lib\libc.a(lib_a-fstatr.o)
                0x02001864                _fstat_r
 .text          0x020018cc       0xe0 c:/altera/13.1/nios2eds/bin/gnu/h-i686-mingw32/bin/../lib/gcc/nios2-elf/4.7.3/../../../../../H-i686-mingw32/nios2-elf/lib\libc.a(lib_a-fwrite.o)
                0x020018cc                _fwrite_r
                0x0200196c                fwrite
 .text          0x020019ac       0xf8 c:/altera/13.1/nios2eds/bin/gnu/h-i686-mingw32/bin/../lib/gcc/nios2-elf/4.7.3/../../../../../H-i686-mingw32/nios2-elf/lib\libc.a(lib_a-getc.o)
                0x020019ac                _getc_r
                0x02001a1c                getc
 .text          0x02001aa4        0x0 c:/altera/13.1/nios2eds/bin/gnu/h-i686-mingw32/bin/../lib/gcc/nios2-elf/4.7.3/../../../../../H-i686-mingw32/nios2-elf/lib\libc.a(lib_a-impure.o)
 .text          0x02001aa4        0x0 c:/altera/13.1/nios2eds/bin/gnu/h-i686-mingw32/bin/../lib/gcc/nios2-elf/4.7.3/../../../../../H-i686-mingw32/nios2-elf/lib\libc.a(lib_a-int_errno.o)
 .text          0x02001aa4      0x1a8 c:/altera/13.1/nios2eds/bin/gnu/h-i686-mingw32/bin/../lib/gcc/nios2-elf/4.7.3/../../../../../H-i686-mingw32/nios2-elf/lib\libc.a(lib_a-makebuf.o)
                0x02001aa4                __smakebuf_r
 .text          0x02001c4c      0x784 c:/altera/13.1/nios2eds/bin/gnu/h-i686-mingw32/bin/../lib/gcc/nios2-elf/4.7.3/../../../../../H-i686-mingw32/nios2-elf/lib\libc.a(lib_a-mallocr.o)
                0x02001c4c                _malloc_r
 .text          0x020023d0       0xf8 c:/altera/13.1/nios2eds/bin/gnu/h-i686-mingw32/bin/../lib/gcc/nios2-elf/4.7.3/../../../../../H-i686-mingw32/nios2-elf/lib\libc.a(lib_a-memcpy.o)
                0x020023d0                memcpy
 .text          0x020024c8       0x6c c:/altera/13.1/nios2eds/bin/gnu/h-i686-mingw32/bin/../lib/gcc/nios2-elf/4.7.3/../../../../../H-i686-mingw32/nios2-elf/lib\libc.a(lib_a-openr.o)
                0x020024c8                _open_r
 .text          0x02002534       0x68 c:/altera/13.1/nios2eds/bin/gnu/h-i686-mingw32/bin/../lib/gcc/nios2-elf/4.7.3/../../../../../H-i686-mingw32/nios2-elf/lib\libc.a(lib_a-printf.o)
                0x02002534                _printf_r
                0x02002560                printf
 .text          0x0200259c       0x24 c:/altera/13.1/nios2eds/bin/gnu/h-i686-mingw32/bin/../lib/gcc/nios2-elf/4.7.3/../../../../../H-i686-mingw32/nios2-elf/lib\libc.a(lib_a-putchar.o)
                0x0200259c                _putchar_r
                0x020025a4                putchar
 .text          0x020025c0       0x98 c:/altera/13.1/nios2eds/bin/gnu/h-i686-mingw32/bin/../lib/gcc/nios2-elf/4.7.3/../../../../../H-i686-mingw32/nios2-elf/lib\libc.a(lib_a-puts.o)
                0x020025c0                _puts_r
                0x02002644                puts
 .text          0x02002658      0x208 c:/altera/13.1/nios2eds/bin/gnu/h-i686-mingw32/bin/../lib/gcc/nios2-elf/4.7.3/../../../../../H-i686-mingw32/nios2-elf/lib\libc.a(lib_a-refill.o)
                0x02002674                __srefill_r
 .text          0x02002860       0x60 c:/altera/13.1/nios2eds/bin/gnu/h-i686-mingw32/bin/../lib/gcc/nios2-elf/4.7.3/../../../../../H-i686-mingw32/nios2-elf/lib\libc.a(lib_a-rget.o)
                0x02002860                __srget_r
                0x020028ac                __srget
 .text          0x020028c0       0x64 c:/altera/13.1/nios2eds/bin/gnu/h-i686-mingw32/bin/../lib/gcc/nios2-elf/4.7.3/../../../../../H-i686-mingw32/nios2-elf/lib\libc.a(lib_a-sbrkr.o)
                0x020028c0                _sbrk_r
 .text          0x02002924      0x140 c:/altera/13.1/nios2eds/bin/gnu/h-i686-mingw32/bin/../lib/gcc/nios2-elf/4.7.3/../../../../../H-i686-mingw32/nios2-elf/lib\libc.a(lib_a-stdio.o)
                0x02002924                __sread
                0x02002978                __swrite
                0x02002a00                __sseek
                0x02002a5c                __sclose
 .text          0x02002a64       0x8c c:/altera/13.1/nios2eds/bin/gnu/h-i686-mingw32/bin/../lib/gcc/nios2-elf/4.7.3/../../../../../H-i686-mingw32/nios2-elf/lib\libc.a(lib_a-strlen.o)
                0x02002a64                strlen
 .text          0x02002af0     0x1e50 c:/altera/13.1/nios2eds/bin/gnu/h-i686-mingw32/bin/../lib/gcc/nios2-elf/4.7.3/../../../../../H-i686-mingw32/nios2-elf/lib\libc.a(lib_a-vfprintf.o)
                0x02002b24                ___vfprintf_internal_r
                0x0200491c                __vfprintf_internal
 .text          0x02004940       0x6c c:/altera/13.1/nios2eds/bin/gnu/h-i686-mingw32/bin/../lib/gcc/nios2-elf/4.7.3/../../../../../H-i686-mingw32/nios2-elf/lib\libc.a(lib_a-writer.o)
                0x02004940                _write_r
 .text          0x020049ac      0x174 c:/altera/13.1/nios2eds/bin/gnu/h-i686-mingw32/bin/../lib/gcc/nios2-elf/4.7.3/../../../../../H-i686-mingw32/nios2-elf/lib\libc.a(lib_a-wsetup.o)
                0x020049ac                __swsetup_r
 .text          0x02004b20       0x64 c:/altera/13.1/nios2eds/bin/gnu/h-i686-mingw32/bin/../lib/gcc/nios2-elf/4.7.3/../../../../../H-i686-mingw32/nios2-elf/lib\libc.a(lib_a-closer.o)
                0x02004b20                _close_r
 .text          0x02004b84     0x1824 c:/altera/13.1/nios2eds/bin/gnu/h-i686-mingw32/bin/../lib/gcc/nios2-elf/4.7.3/../../../../../H-i686-mingw32/nios2-elf/lib\libc.a(lib_a-dtoa.o)
                0x02004d8c                _dtoa_r
 .text          0x020063a8      0x218 c:/altera/13.1/nios2eds/bin/gnu/h-i686-mingw32/bin/../lib/gcc/nios2-elf/4.7.3/../../../../../H-i686-mingw32/nios2-elf/lib\libc.a(lib_a-fflush.o)
                0x020063a8                _fflush_r
                0x02006590                fflush
 .text          0x020065c0      0x2d8 c:/altera/13.1/nios2eds/bin/gnu/h-i686-mingw32/bin/../lib/gcc/nios2-elf/4.7.3/../../../../../H-i686-mingw32/nios2-elf/lib\libc.a(lib_a-findfp.o)
                0x020065d0                _cleanup_r
                0x020065dc                __sfmoreglue
                0x02006640                _cleanup
                0x02006650                __sinit
                0x0200675c                __sfp
                0x02006858                __sfp_lock_acquire
                0x0200685c                __sfp_lock_release
                0x02006860                __sinit_lock_acquire
                0x02006864                __sinit_lock_release
                0x02006868                __fp_lock_all
                0x02006880                __fp_unlock_all
 .text          0x02006898       0x98 c:/altera/13.1/nios2eds/bin/gnu/h-i686-mingw32/bin/../lib/gcc/nios2-elf/4.7.3/../../../../../H-i686-mingw32/nios2-elf/lib\libc.a(lib_a-flags.o)
                0x02006898                __sflags
 .text          0x02006930      0x40c c:/altera/13.1/nios2eds/bin/gnu/h-i686-mingw32/bin/../lib/gcc/nios2-elf/4.7.3/../../../../../H-i686-mingw32/nios2-elf/lib\libc.a(lib_a-freer.o)
                0x02006930                _malloc_trim_r
                0x02006a6c                _free_r
 .text          0x02006d3c      0x4e4 c:/altera/13.1/nios2eds/bin/gnu/h-i686-mingw32/bin/../lib/gcc/nios2-elf/4.7.3/../../../../../H-i686-mingw32/nios2-elf/lib\libc.a(lib_a-fvwrite.o)
                0x02006d3c                __sfvwrite_r
 .text          0x02007220      0x160 c:/altera/13.1/nios2eds/bin/gnu/h-i686-mingw32/bin/../lib/gcc/nios2-elf/4.7.3/../../../../../H-i686-mingw32/nios2-elf/lib\libc.a(lib_a-fwalk.o)
                0x02007220                _fwalk
                0x020072c8                _fwalk_reent
 .text          0x02007380       0x64 c:/altera/13.1/nios2eds/bin/gnu/h-i686-mingw32/bin/../lib/gcc/nios2-elf/4.7.3/../../../../../H-i686-mingw32/nios2-elf/lib\libc.a(lib_a-isattyr.o)
                0x02007380                _isatty_r
 .text          0x020073e4       0xdc c:/altera/13.1/nios2eds/bin/gnu/h-i686-mingw32/bin/../lib/gcc/nios2-elf/4.7.3/../../../../../H-i686-mingw32/nios2-elf/lib\libc.a(lib_a-locale.o)
                0x020073e4                _setlocale_r
                0x02007480                __locale_charset
                0x0200748c                _localeconv_r
                0x02007498                setlocale
                0x020074b4                localeconv
 .text          0x020074c0       0x6c c:/altera/13.1/nios2eds/bin/gnu/h-i686-mingw32/bin/../lib/gcc/nios2-elf/4.7.3/../../../../../H-i686-mingw32/nios2-elf/lib\libc.a(lib_a-lseekr.o)
                0x020074c0                _lseek_r
 .text          0x0200752c       0xf8 c:/altera/13.1/nios2eds/bin/gnu/h-i686-mingw32/bin/../lib/gcc/nios2-elf/4.7.3/../../../../../H-i686-mingw32/nios2-elf/lib\libc.a(lib_a-memchr.o)
                0x0200752c                memchr
 .text          0x02007624      0x128 c:/altera/13.1/nios2eds/bin/gnu/h-i686-mingw32/bin/../lib/gcc/nios2-elf/4.7.3/../../../../../H-i686-mingw32/nios2-elf/lib\libc.a(lib_a-memmove.o)
                0x02007624                memmove
 .text          0x0200774c       0xdc c:/altera/13.1/nios2eds/bin/gnu/h-i686-mingw32/bin/../lib/gcc/nios2-elf/4.7.3/../../../../../H-i686-mingw32/nios2-elf/lib\libc.a(lib_a-memset.o)
                0x0200774c                memset
 .text          0x02007828      0xfa8 c:/altera/13.1/nios2eds/bin/gnu/h-i686-mingw32/bin/../lib/gcc/nios2-elf/4.7.3/../../../../../H-i686-mingw32/nios2-elf/lib\libc.a(lib_a-mprec.o)
                0x02007828                _Balloc
                0x020078d0                _Bfree
                0x020078f8                __multadd
                0x02007a0c                __s2b
                0x02007b10                __hi0bits
                0x02007b78                __lo0bits
                0x02007c28                __i2b
                0x02007c64                __multiply
                0x02007e44                __pow5mult
                0x02007f70                __lshift
                0x020080cc                __mcmp
                0x02008124                __mdiff
                0x020082cc                __ulp
                0x0200832c                __b2d
                0x02008474                __d2b
                0x020085b8                __ratio
                0x0200865c                _mprec_log10
                0x020086d0                __copybits
                0x0200874c                __any_on
 .text          0x020087d0      0x1ac c:/altera/13.1/nios2eds/bin/gnu/h-i686-mingw32/bin/../lib/gcc/nios2-elf/4.7.3/../../../../../H-i686-mingw32/nios2-elf/lib\libc.a(lib_a-putc.o)
                0x020087d0                _putc_r
                0x0200888c                putc
 .text          0x0200897c       0x6c c:/altera/13.1/nios2eds/bin/gnu/h-i686-mingw32/bin/../lib/gcc/nios2-elf/4.7.3/../../../../../H-i686-mingw32/nios2-elf/lib\libc.a(lib_a-readr.o)
                0x0200897c                _read_r
 .text          0x020089e8      0x5fc c:/altera/13.1/nios2eds/bin/gnu/h-i686-mingw32/bin/../lib/gcc/nios2-elf/4.7.3/../../../../../H-i686-mingw32/nios2-elf/lib\libc.a(lib_a-reallocr.o)
                0x020089e8                _realloc_r
 .text          0x02008fe4       0x38 c:/altera/13.1/nios2eds/bin/gnu/h-i686-mingw32/bin/../lib/gcc/nios2-elf/4.7.3/../../../../../H-i686-mingw32/nios2-elf/lib\libc.a(lib_a-s_isinfd.o)
                0x02008fe4                __isinfd
 .text          0x0200901c       0x2c c:/altera/13.1/nios2eds/bin/gnu/h-i686-mingw32/bin/../lib/gcc/nios2-elf/4.7.3/../../../../../H-i686-mingw32/nios2-elf/lib\libc.a(lib_a-s_isnand.o)
                0x0200901c                __isnand
 .text          0x02009048       0xa4 c:/altera/13.1/nios2eds/bin/gnu/h-i686-mingw32/bin/../lib/gcc/nios2-elf/4.7.3/../../../../../H-i686-mingw32/nios2-elf/lib\libc.a(lib_a-strcmp.o)
                0x02009048                strcmp
 .text          0x020090ec      0x158 c:/altera/13.1/nios2eds/bin/gnu/h-i686-mingw32/bin/../lib/gcc/nios2-elf/4.7.3/../../../../../H-i686-mingw32/nios2-elf/lib\libc.a(lib_a-wbuf.o)
                0x020090ec                __swbuf_r
                0x02009228                __swbuf
 .text          0x02009244       0xbc c:/altera/13.1/nios2eds/bin/gnu/h-i686-mingw32/bin/../lib/gcc/nios2-elf/4.7.3/../../../../../H-i686-mingw32/nios2-elf/lib\libc.a(lib_a-callocr.o)
                0x02009244                _calloc_r
 .text          0x02009300      0x150 c:/altera/13.1/nios2eds/bin/gnu/h-i686-mingw32/bin/../lib/gcc/nios2-elf/4.7.3/../../../../../H-i686-mingw32/nios2-elf/lib\libc.a(lib_a-fclose.o)
                0x02009300                _fclose_r
                0x0200943c                fclose
 .text          0x02009450      0x58c c:/altera/13.1/nios2eds/bin/gnu/h-i686-mingw32/bin/../lib/gcc/nios2-elf/4.7.3\libgcc.a(_umoddi3.o)
                0x02009450                __umoddi3
 .text          0x020099dc      0x408 c:/altera/13.1/nios2eds/bin/gnu/h-i686-mingw32/bin/../lib/gcc/nios2-elf/4.7.3\libgcc.a(_addsub_df.o)
                0x02009d30                __adddf3
                0x02009d84                __subdf3
 .text          0x02009de4      0x2e4 c:/altera/13.1/nios2eds/bin/gnu/h-i686-mingw32/bin/../lib/gcc/nios2-elf/4.7.3\libgcc.a(_mul_df.o)
                0x02009de4                __muldf3
 .text          0x0200a0c8      0x1b4 c:/altera/13.1/nios2eds/bin/gnu/h-i686-mingw32/bin/../lib/gcc/nios2-elf/4.7.3\libgcc.a(_div_df.o)
                0x0200a0c8                __divdf3
 .text          0x0200a27c       0x5c c:/altera/13.1/nios2eds/bin/gnu/h-i686-mingw32/bin/../lib/gcc/nios2-elf/4.7.3\libgcc.a(_eq_df.o)
                0x0200a27c                __eqdf2
 .text          0x0200a2d8       0x5c c:/altera/13.1/nios2eds/bin/gnu/h-i686-mingw32/bin/../lib/gcc/nios2-elf/4.7.3\libgcc.a(_ne_df.o)
                0x0200a2d8                __nedf2
 .text          0x0200a334       0x64 c:/altera/13.1/nios2eds/bin/gnu/h-i686-mingw32/bin/../lib/gcc/nios2-elf/4.7.3\libgcc.a(_gt_df.o)
                0x0200a334                __gtdf2
 .text          0x0200a398       0x64 c:/altera/13.1/nios2eds/bin/gnu/h-i686-mingw32/bin/../lib/gcc/nios2-elf/4.7.3\libgcc.a(_ge_df.o)
                0x0200a398                __gedf2
 .text          0x0200a3fc       0x5c c:/altera/13.1/nios2eds/bin/gnu/h-i686-mingw32/bin/../lib/gcc/nios2-elf/4.7.3\libgcc.a(_lt_df.o)
                0x0200a3fc                __ltdf2
 .text          0x0200a458       0xd4 c:/altera/13.1/nios2eds/bin/gnu/h-i686-mingw32/bin/../lib/gcc/nios2-elf/4.7.3\libgcc.a(_si_to_df.o)
                0x0200a458                __floatsidf
 .text          0x0200a52c       0xd4 c:/altera/13.1/nios2eds/bin/gnu/h-i686-mingw32/bin/../lib/gcc/nios2-elf/4.7.3\libgcc.a(_df_to_si.o)
                0x0200a52c                __fixdfsi
 .text          0x0200a600        0x0 c:/altera/13.1/nios2eds/bin/gnu/h-i686-mingw32/bin/../lib/gcc/nios2-elf/4.7.3\libgcc.a(_thenan_df.o)
 .text          0x0200a600      0x11c c:/altera/13.1/nios2eds/bin/gnu/h-i686-mingw32/bin/../lib/gcc/nios2-elf/4.7.3\libgcc.a(_usi_to_df.o)
                0x0200a600                __floatunsidf
 .text          0x0200a71c       0x60 c:/altera/13.1/nios2eds/bin/gnu/h-i686-mingw32/bin/../lib/gcc/nios2-elf/4.7.3\libgcc.a(_muldi3.o)
                0x0200a71c                __muldi3
 .text          0x0200a77c       0xac c:/altera/13.1/nios2eds/bin/gnu/h-i686-mingw32/bin/../lib/gcc/nios2-elf/4.7.3\libgcc.a(_clzsi2.o)
                0x0200a77c                __clzsi2
 .text          0x0200a828      0x224 c:/altera/13.1/nios2eds/bin/gnu/h-i686-mingw32/bin/../lib/gcc/nios2-elf/4.7.3\libgcc.a(_pack_df.o)
                0x0200a828                __pack_d
 .text          0x0200aa4c      0x104 c:/altera/13.1/nios2eds/bin/gnu/h-i686-mingw32/bin/../lib/gcc/nios2-elf/4.7.3\libgcc.a(_unpack_df.o)
                0x0200aa4c                __unpack_d
 .text          0x0200ab50       0xd0 c:/altera/13.1/nios2eds/bin/gnu/h-i686-mingw32/bin/../lib/gcc/nios2-elf/4.7.3\libgcc.a(_fpcmp_parts_df.o)
                0x0200ab50                __fpcmp_parts_d
 .text          0x0200ac20       0x44 c:/altera/13.1/nios2eds/bin/gnu/h-i686-mingw32/bin/../lib/gcc/nios2-elf/4.7.3\libgcc.a(_lshrdi3.o)
                0x0200ac20                __lshrdi3
 .text          0x0200ac64       0x44 c:/altera/13.1/nios2eds/bin/gnu/h-i686-mingw32/bin/../lib/gcc/nios2-elf/4.7.3\libgcc.a(_ashldi3.o)
                0x0200ac64                __ashldi3
 .text          0x0200aca8      0x118 C:/FPGAcontrol/CPU_bsp/\libhal_bsp.a(alt_close.o)
                0x0200acf8                close
 .text          0x0200adc0       0x2c C:/FPGAcontrol/CPU_bsp/\libhal_bsp.a(alt_dev.o)
 .text          0x0200adec        0x0 C:/FPGAcontrol/CPU_bsp/\libhal_bsp.a(alt_errno.o)
 .text          0x0200adec       0xfc C:/FPGAcontrol/CPU_bsp/\libhal_bsp.a(alt_fstat.o)
                0x0200ae3c                fstat
 .text          0x0200aee8       0xf0 C:/FPGAcontrol/CPU_bsp/\libhal_bsp.a(alt_isatty.o)
                0x0200af38                isatty
 .text          0x0200afd8       0xec C:/FPGAcontrol/CPU_bsp/\libhal_bsp.a(alt_load.o)
                0x0200b044                alt_load
 .text          0x0200b0c4      0x120 C:/FPGAcontrol/CPU_bsp/\libhal_bsp.a(alt_lseek.o)
                0x0200b114                lseek
 .text          0x0200b1e4       0x78 C:/FPGAcontrol/CPU_bsp/\libhal_bsp.a(alt_main.o)
                0x0200b1e4                alt_main
 .text          0x0200b25c       0x40 C:/FPGAcontrol/CPU_bsp/\libhal_bsp.a(alt_malloc_lock.o)
                0x0200b25c                __malloc_lock
                0x0200b27c                __malloc_unlock
 .text          0x0200b29c      0x270 C:/FPGAcontrol/CPU_bsp/\libhal_bsp.a(alt_open.o)
                0x0200b3b8                open
 .text          0x0200b50c      0x140 C:/FPGAcontrol/CPU_bsp/\libhal_bsp.a(alt_read.o)
                0x0200b55c                read
 .text          0x0200b64c       0x60 C:/FPGAcontrol/CPU_bsp/\libhal_bsp.a(alt_release_fd.o)
                0x0200b64c                alt_release_fd
 .text          0x0200b6ac       0xb0 C:/FPGAcontrol/CPU_bsp/\libhal_bsp.a(alt_sbrk.o)
                0x0200b6ac                sbrk
 .text          0x0200b75c       0x30 C:/FPGAcontrol/CPU_bsp/\libhal_bsp.a(alt_usleep.o)
                0x0200b75c                usleep
 .text          0x0200b78c      0x13c C:/FPGAcontrol/CPU_bsp/\libhal_bsp.a(alt_write.o)
                0x0200b7dc                write
 .text          0x0200b8c8       0xf8 C:/FPGAcontrol/CPU_bsp/\libhal_bsp.a(alt_sys_init.o)
                0x0200b900                alt_irq_init
                0x0200b934                alt_sys_init
 .text          0x0200b9c0      0x164 C:/FPGAcontrol/CPU_bsp/\libhal_bsp.a(altera_avalon_jtag_uart_fd.o)
                0x0200b9c0                altera_avalon_jtag_uart_read_fd
                0x0200ba20                altera_avalon_jtag_uart_write_fd
                0x0200ba80                altera_avalon_jtag_uart_close_fd
                0x0200bad0                altera_avalon_jtag_uart_ioctl_fd
 .text          0x0200bb24      0x3d0 C:/FPGAcontrol/CPU_bsp/\libhal_bsp.a(altera_avalon_jtag_uart_init.o)
                0x0200bb24                altera_avalon_jtag_uart_init
                0x0200be8c                altera_avalon_jtag_uart_close
 .text          0x0200bef4       0xf4 C:/FPGAcontrol/CPU_bsp/\libhal_bsp.a(altera_avalon_jtag_uart_ioctl.o)
                0x0200bef4                altera_avalon_jtag_uart_ioctl
 .text          0x0200bfe8      0x218 C:/FPGAcontrol/CPU_bsp/\libhal_bsp.a(altera_avalon_jtag_uart_read.o)
                0x0200bfe8                altera_avalon_jtag_uart_read
 .text          0x0200c200      0x224 C:/FPGAcontrol/CPU_bsp/\libhal_bsp.a(altera_avalon_jtag_uart_write.o)
                0x0200c200                altera_avalon_jtag_uart_write
 .text          0x0200c424      0x270 C:/FPGAcontrol/CPU_bsp/\libhal_bsp.a(altera_avalon_timer_ts.o)
                0x0200c424                alt_timestamp_start
                0x0200c4cc                alt_timestamp
                0x0200c66c                alt_timestamp_freq
 .text          0x0200c694        0x0 C:/FPGAcontrol/CPU_bsp/\libhal_bsp.a(altera_avalon_timer_vars.o)
 .text          0x0200c694      0x110 C:/FPGAcontrol/CPU_bsp/\libhal_bsp.a(altera_avalon_uart_fd.o)
                0x0200c694                altera_avalon_uart_read_fd
                0x0200c6f4                altera_avalon_uart_write_fd
                0x0200c754                altera_avalon_uart_close_fd
 .text          0x0200c7a4      0x3a8 C:/FPGAcontrol/CPU_bsp/\libhal_bsp.a(altera_avalon_uart_init.o)
                0x0200c7a4                altera_avalon_uart_init
                0x0200caf8                altera_avalon_uart_close
 .text          0x0200cb4c      0x254 C:/FPGAcontrol/CPU_bsp/\libhal_bsp.a(altera_avalon_uart_read.o)
                0x0200cb9c                altera_avalon_uart_read
 .text          0x0200cda0      0x1f8 C:/FPGAcontrol/CPU_bsp/\libhal_bsp.a(altera_avalon_uart_write.o)
                0x0200cdf0                altera_avalon_uart_write
 .text          0x0200cf98      0x140 C:/FPGAcontrol/CPU_bsp/\libhal_bsp.a(alt_alarm_start.o)
                0x0200cf98                alt_alarm_start
 .text          0x0200d0d8      0x128 C:/FPGAcontrol/CPU_bsp/\libhal_bsp.a(alt_busy_sleep.o)
                0x0200d0d8                alt_busy_sleep
 .text          0x0200d200       0x44 C:/FPGAcontrol/CPU_bsp/\libhal_bsp.a(alt_dcache_flush_all.o)
                0x0200d200                alt_dcache_flush_all
 .text          0x0200d244       0xf0 C:/FPGAcontrol/CPU_bsp/\libhal_bsp.a(alt_dev_llist_insert.o)
                0x0200d294                alt_dev_llist_insert
 .text          0x0200d334       0x5c C:/FPGAcontrol/CPU_bsp/\libhal_bsp.a(alt_do_ctors.o)
                0x0200d334                _do_ctors
 .text          0x0200d390       0x5c C:/FPGAcontrol/CPU_bsp/\libhal_bsp.a(alt_do_dtors.o)
                0x0200d390                _do_dtors
 .text          0x0200d3ec       0x90 C:/FPGAcontrol/CPU_bsp/\libhal_bsp.a(alt_find_dev.o)
                0x0200d3ec                alt_find_dev
 .text          0x0200d47c      0x114 C:/FPGAcontrol/CPU_bsp/\libhal_bsp.a(alt_find_file.o)
                0x0200d47c                alt_find_file
 .text          0x0200d590       0xb4 C:/FPGAcontrol/CPU_bsp/\libhal_bsp.a(alt_get_fd.o)
                0x0200d590                alt_get_fd
 .text          0x0200d644       0x30 C:/FPGAcontrol/CPU_bsp/\libhal_bsp.a(alt_icache_flush_all.o)
                0x0200d644                alt_icache_flush_all
 .text          0x0200d674      0x1d8 C:/FPGAcontrol/CPU_bsp/\libhal_bsp.a(alt_iic.o)
                0x0200d674                alt_ic_isr_register
                0x0200d6c4                alt_ic_irq_enable
                0x0200d760                alt_ic_irq_disable
                0x0200d800                alt_ic_irq_enabled
 .text          0x0200d84c       0xf0 C:/FPGAcontrol/CPU_bsp/\libhal_bsp.a(alt_iic_isr_register.o)
                0x0200d84c                alt_iic_isr_register
 .text          0x0200d93c      0x138 C:/FPGAcontrol/CPU_bsp/\libhal_bsp.a(alt_io_redirect.o)
                0x0200d9fc                alt_io_redirect
 .text          0x0200da74        0x0 C:/FPGAcontrol/CPU_bsp/\libhal_bsp.a(alt_irq_entry.o)
 .text          0x0200da74        0x0 C:/FPGAcontrol/CPU_bsp/\libhal_bsp.a(alt_irq_handler.o)
 .text          0x0200da74        0x0 C:/FPGAcontrol/CPU_bsp/\libhal_bsp.a(alt_irq_vars.o)
 .text          0x0200da74      0x19c C:/FPGAcontrol/CPU_bsp/\libhal_bsp.a(alt_tick.o)
                0x0200da74                alt_alarm_stop
                0x0200db0c                alt_tick
 .text          0x0200dc10       0x20 C:/FPGAcontrol/CPU_bsp/\libhal_bsp.a(altera_nios2_qsys_irq.o)
                0x0200dc10                altera_nios2_qsys_irq_init
 .text          0x0200dc30        0x0 C:/FPGAcontrol/CPU_bsp/\libhal_bsp.a(alt_exception_entry.o)
 .text          0x0200dc30       0x8c C:/FPGAcontrol/CPU_bsp/\libhal_bsp.a(alt_icache_flush.o)
                0x0200dc30                alt_icache_flush
 .text          0x0200dcbc       0x14 c:/altera/13.1/nios2eds/bin/gnu/h-i686-mingw32/bin/../lib/gcc/nios2-elf/4.7.3/../../../../../H-i686-mingw32/nios2-elf/lib\libc.a(lib_a-atexit.o)
                0x0200dcbc                atexit
 .text          0x0200dcd0       0x38 c:/altera/13.1/nios2eds/bin/gnu/h-i686-mingw32/bin/../lib/gcc/nios2-elf/4.7.3/../../../../../H-i686-mingw32/nios2-elf/lib\libc.a(lib_a-exit.o)
                0x0200dcd0                exit
 .text          0x0200dd08       0x7c c:/altera/13.1/nios2eds/bin/gnu/h-i686-mingw32/bin/../lib/gcc/nios2-elf/4.7.3/../../../../../H-i686-mingw32/nios2-elf/lib\libc.a(lib_a-memcmp.o)
                0x0200dd08                memcmp
 .text          0x0200dd84      0x130 c:/altera/13.1/nios2eds/bin/gnu/h-i686-mingw32/bin/../lib/gcc/nios2-elf/4.7.3/../../../../../H-i686-mingw32/nios2-elf/lib\libc.a(lib_a-__atexit.o)
                0x0200dd84                __register_exitproc
 .text          0x0200deb4      0x1a0 c:/altera/13.1/nios2eds/bin/gnu/h-i686-mingw32/bin/../lib/gcc/nios2-elf/4.7.3/../../../../../H-i686-mingw32/nios2-elf/lib\libc.a(lib_a-__call_atexit.o)
                0x0200deb4                __call_exitprocs
 .text          0x0200e054       0x3c C:/FPGAcontrol/CPU_bsp/\libhal_bsp.a(alt_exit.o)
                0x0200e054                _exit
 *(.gnu.warning.*)
 *(.fini)
                0x0200e090                PROVIDE (__etext, ABSOLUTE (.))
                0x0200e090                PROVIDE (_etext, ABSOLUTE (.))
                0x0200e090                PROVIDE (etext, ABSOLUTE (.))
 *(.eh_frame_hdr)
                0x0200e090                . = ALIGN (0x4)
                0x0200e090                PROVIDE (__preinit_array_start, ABSOLUTE (.))
 *(.preinit_array)
                0x0200e090                PROVIDE (__preinit_array_end, ABSOLUTE (.))
                0x0200e090                PROVIDE (__init_array_start, ABSOLUTE (.))
 *(.init_array)
                0x0200e090                PROVIDE (__init_array_end, ABSOLUTE (.))
                0x0200e090                PROVIDE (__fini_array_start, ABSOLUTE (.))
 *(.fini_array)
                0x0200e090                PROVIDE (__fini_array_end, ABSOLUTE (.))
 *(.eh_frame)
 *(.gcc_except_table .gcc_except_table.*)
 *(.dynamic)
                0x0200e090                PROVIDE (__CTOR_LIST__, ABSOLUTE (.))
 *(.ctors)
 *(SORT(.ctors.*))
                0x0200e090                PROVIDE (__CTOR_END__, ABSOLUTE (.))
                0x0200e090                PROVIDE (__DTOR_LIST__, ABSOLUTE (.))
 *(.dtors)
 *(SORT(.dtors.*))
                0x0200e090                PROVIDE (__DTOR_END__, ABSOLUTE (.))
 *(.jcr)
                0x0200e090                . = ALIGN (0x4)

.rodata         0x0200e090      0x45c
                0x0200e090                PROVIDE (__ram_rodata_start, ABSOLUTE (.))
                0x0200e090                . = ALIGN (0x4)
 *(.rodata .rodata.* .gnu.linkonce.r.*)
 .rodata        0x0200e090      0x130 obj/default/hello_world.o
 .rodata        0x0200e1c0      0x100 c:/altera/13.1/nios2eds/bin/gnu/h-i686-mingw32/bin/../lib/gcc/nios2-elf/4.7.3\libgcc.a(_clz.o)
                0x0200e1c0                __clz_tab
 .rodata.str1.4
                0x0200e2c0        0x2 c:/altera/13.1/nios2eds/bin/gnu/h-i686-mingw32/bin/../lib/gcc/nios2-elf/4.7.3/../../../../../H-i686-mingw32/nios2-elf/lib\libc.a(lib_a-impure.o)
                                  0x4 (size before relaxing)
 *fill*         0x0200e2c2        0x2 
 .rodata.str1.4
                0x0200e2c4        0x2 c:/altera/13.1/nios2eds/bin/gnu/h-i686-mingw32/bin/../lib/gcc/nios2-elf/4.7.3/../../../../../H-i686-mingw32/nios2-elf/lib\libc.a(lib_a-puts.o)
                                  0x4 (size before relaxing)
 *fill*         0x0200e2c6        0x2 
 .rodata.str1.4
                0x0200e2c8       0x42 c:/altera/13.1/nios2eds/bin/gnu/h-i686-mingw32/bin/../lib/gcc/nios2-elf/4.7.3/../../../../../H-i686-mingw32/nios2-elf/lib\libc.a(lib_a-vfprintf.o)
                                 0x44 (size before relaxing)
 .rodata        0x0200e30a       0x20 c:/altera/13.1/nios2eds/bin/gnu/h-i686-mingw32/bin/../lib/gcc/nios2-elf/4.7.3/../../../../../H-i686-mingw32/nios2-elf/lib\libc.a(lib_a-vfprintf.o)
 *fill*         0x0200e32a        0x2 
 .rodata.str1.4
                0x0200e32c       0x10 c:/altera/13.1/nios2eds/bin/gnu/h-i686-mingw32/bin/../lib/gcc/nios2-elf/4.7.3/../../../../../H-i686-mingw32/nios2-elf/lib\libc.a(lib_a-dtoa.o)
                                 0x14 (size before relaxing)
 .rodata.str1.4
                0x0200e33c       0x10 c:/altera/13.1/nios2eds/bin/gnu/h-i686-mingw32/bin/../lib/gcc/nios2-elf/4.7.3/../../../../../H-i686-mingw32/nios2-elf/lib\libc.a(lib_a-locale.o)
                                 0x18 (size before relaxing)
 .rodata        0x0200e34c       0x30 c:/altera/13.1/nios2eds/bin/gnu/h-i686-mingw32/bin/../lib/gcc/nios2-elf/4.7.3/../../../../../H-i686-mingw32/nios2-elf/lib\libc.a(lib_a-locale.o)
 .rodata        0x0200e37c      0x124 c:/altera/13.1/nios2eds/bin/gnu/h-i686-mingw32/bin/../lib/gcc/nios2-elf/4.7.3/../../../../../H-i686-mingw32/nios2-elf/lib\libc.a(lib_a-mprec.o)
                0x0200e37c                __mprec_tinytens
                0x0200e3a4                __mprec_bigtens
                0x0200e3cc                __mprec_tens
 .rodata        0x0200e4a0       0x14 c:/altera/13.1/nios2eds/bin/gnu/h-i686-mingw32/bin/../lib/gcc/nios2-elf/4.7.3\libgcc.a(_thenan_df.o)
                0x0200e4a0                __thenan_df
 .rodata        0x0200e4b4        0xc C:/FPGAcontrol/CPU_bsp/\libhal_bsp.a(alt_dev.o)
 .rodata        0x0200e4c0       0x10 C:/FPGAcontrol/CPU_bsp/\libhal_bsp.a(alt_main.o)
 .rodata        0x0200e4d0       0x1c C:/FPGAcontrol/CPU_bsp/\libhal_bsp.a(alt_sys_init.o)
 *(.rodata1)
                0x0200e4ec                . = ALIGN (0x4)
                0x0200e4ec                PROVIDE (__ram_rodata_end, ABSOLUTE (.))
                0x0200e090                PROVIDE (__flash_rodata_start, LOADADDR (.rodata))

.rwdata         0x0200e4ec     0x1b24 load address 0x02010010
                0x0200e4ec                PROVIDE (__ram_rwdata_start, ABSOLUTE (.))
                0x0200e4ec                . = ALIGN (0x4)
 *(.got.plt)
 *(.got)
 *(.data1)
 *(.data .data.* .gnu.linkonce.d.*)
 .data          0x0200e4ec        0x0 C:/FPGAcontrol/CPU_bsp//obj/HAL/src/crt0.o
 .data          0x0200e4ec        0x0 obj/default/hello_world.o
 .data          0x0200e4ec        0x0 c:/altera/13.1/nios2eds/bin/gnu/h-i686-mingw32/bin/../lib/gcc/nios2-elf/4.7.3\libgcc.a(_udivdi3.o)
 .data          0x0200e4ec        0x0 c:/altera/13.1/nios2eds/bin/gnu/h-i686-mingw32/bin/../lib/gcc/nios2-elf/4.7.3\libgcc.a(lib2-divmod.o)
 .data          0x0200e4ec        0x0 c:/altera/13.1/nios2eds/bin/gnu/h-i686-mingw32/bin/../lib/gcc/nios2-elf/4.7.3\libgcc.a(_clz.o)
 .data          0x0200e4ec        0x0 c:/altera/13.1/nios2eds/bin/gnu/h-i686-mingw32/bin/../lib/gcc/nios2-elf/4.7.3/../../../../../H-i686-mingw32/nios2-elf/lib\libc.a(lib_a-fopen.o)
 .data          0x0200e4ec        0x0 c:/altera/13.1/nios2eds/bin/gnu/h-i686-mingw32/bin/../lib/gcc/nios2-elf/4.7.3/../../../../../H-i686-mingw32/nios2-elf/lib\libc.a(lib_a-fseek.o)
 .data          0x0200e4ec        0x0 c:/altera/13.1/nios2eds/bin/gnu/h-i686-mingw32/bin/../lib/gcc/nios2-elf/4.7.3/../../../../../H-i686-mingw32/nios2-elf/lib\libc.a(lib_a-fstatr.o)
 .data          0x0200e4ec        0x0 c:/altera/13.1/nios2eds/bin/gnu/h-i686-mingw32/bin/../lib/gcc/nios2-elf/4.7.3/../../../../../H-i686-mingw32/nios2-elf/lib\libc.a(lib_a-fwrite.o)
 .data          0x0200e4ec        0x0 c:/altera/13.1/nios2eds/bin/gnu/h-i686-mingw32/bin/../lib/gcc/nios2-elf/4.7.3/../../../../../H-i686-mingw32/nios2-elf/lib\libc.a(lib_a-getc.o)
 .data          0x0200e4ec      0x400 c:/altera/13.1/nios2eds/bin/gnu/h-i686-mingw32/bin/../lib/gcc/nios2-elf/4.7.3/../../../../../H-i686-mingw32/nios2-elf/lib\libc.a(lib_a-impure.o)
 .data          0x0200e8ec        0x0 c:/altera/13.1/nios2eds/bin/gnu/h-i686-mingw32/bin/../lib/gcc/nios2-elf/4.7.3/../../../../../H-i686-mingw32/nios2-elf/lib\libc.a(lib_a-int_errno.o)
 .data          0x0200e8ec        0x0 c:/altera/13.1/nios2eds/bin/gnu/h-i686-mingw32/bin/../lib/gcc/nios2-elf/4.7.3/../../../../../H-i686-mingw32/nios2-elf/lib\libc.a(lib_a-makebuf.o)
 .data          0x0200e8ec      0x408 c:/altera/13.1/nios2eds/bin/gnu/h-i686-mingw32/bin/../lib/gcc/nios2-elf/4.7.3/../../../../../H-i686-mingw32/nios2-elf/lib\libc.a(lib_a-mallocr.o)
                0x0200e8ec                __malloc_av_
 .data          0x0200ecf4        0x0 c:/altera/13.1/nios2eds/bin/gnu/h-i686-mingw32/bin/../lib/gcc/nios2-elf/4.7.3/../../../../../H-i686-mingw32/nios2-elf/lib\libc.a(lib_a-memcpy.o)
 .data          0x0200ecf4        0x0 c:/altera/13.1/nios2eds/bin/gnu/h-i686-mingw32/bin/../lib/gcc/nios2-elf/4.7.3/../../../../../H-i686-mingw32/nios2-elf/lib\libc.a(lib_a-openr.o)
 .data          0x0200ecf4        0x0 c:/altera/13.1/nios2eds/bin/gnu/h-i686-mingw32/bin/../lib/gcc/nios2-elf/4.7.3/../../../../../H-i686-mingw32/nios2-elf/lib\libc.a(lib_a-printf.o)
 .data          0x0200ecf4        0x0 c:/altera/13.1/nios2eds/bin/gnu/h-i686-mingw32/bin/../lib/gcc/nios2-elf/4.7.3/../../../../../H-i686-mingw32/nios2-elf/lib\libc.a(lib_a-putchar.o)
 .data          0x0200ecf4        0x0 c:/altera/13.1/nios2eds/bin/gnu/h-i686-mingw32/bin/../lib/gcc/nios2-elf/4.7.3/../../../../../H-i686-mingw32/nios2-elf/lib\libc.a(lib_a-puts.o)
 .data          0x0200ecf4        0x0 c:/altera/13.1/nios2eds/bin/gnu/h-i686-mingw32/bin/../lib/gcc/nios2-elf/4.7.3/../../../../../H-i686-mingw32/nios2-elf/lib\libc.a(lib_a-refill.o)
 .data          0x0200ecf4        0x0 c:/altera/13.1/nios2eds/bin/gnu/h-i686-mingw32/bin/../lib/gcc/nios2-elf/4.7.3/../../../../../H-i686-mingw32/nios2-elf/lib\libc.a(lib_a-rget.o)
 .data          0x0200ecf4        0x0 c:/altera/13.1/nios2eds/bin/gnu/h-i686-mingw32/bin/../lib/gcc/nios2-elf/4.7.3/../../../../../H-i686-mingw32/nios2-elf/lib\libc.a(lib_a-sbrkr.o)
 .data          0x0200ecf4        0x0 c:/altera/13.1/nios2eds/bin/gnu/h-i686-mingw32/bin/../lib/gcc/nios2-elf/4.7.3/../../../../../H-i686-mingw32/nios2-elf/lib\libc.a(lib_a-stdio.o)
 .data          0x0200ecf4        0x0 c:/altera/13.1/nios2eds/bin/gnu/h-i686-mingw32/bin/../lib/gcc/nios2-elf/4.7.3/../../../../../H-i686-mingw32/nios2-elf/lib\libc.a(lib_a-strlen.o)
 .data          0x0200ecf4        0x0 c:/altera/13.1/nios2eds/bin/gnu/h-i686-mingw32/bin/../lib/gcc/nios2-elf/4.7.3/../../../../../H-i686-mingw32/nios2-elf/lib\libc.a(lib_a-vfprintf.o)
 .data          0x0200ecf4        0x0 c:/altera/13.1/nios2eds/bin/gnu/h-i686-mingw32/bin/../lib/gcc/nios2-elf/4.7.3/../../../../../H-i686-mingw32/nios2-elf/lib\libc.a(lib_a-writer.o)
 .data          0x0200ecf4        0x0 c:/altera/13.1/nios2eds/bin/gnu/h-i686-mingw32/bin/../lib/gcc/nios2-elf/4.7.3/../../../../../H-i686-mingw32/nios2-elf/lib\libc.a(lib_a-wsetup.o)
 .data          0x0200ecf4        0x0 c:/altera/13.1/nios2eds/bin/gnu/h-i686-mingw32/bin/../lib/gcc/nios2-elf/4.7.3/../../../../../H-i686-mingw32/nios2-elf/lib\libc.a(lib_a-closer.o)
 .data          0x0200ecf4        0x0 c:/altera/13.1/nios2eds/bin/gnu/h-i686-mingw32/bin/../lib/gcc/nios2-elf/4.7.3/../../../../../H-i686-mingw32/nios2-elf/lib\libc.a(lib_a-dtoa.o)
 .data          0x0200ecf4        0x0 c:/altera/13.1/nios2eds/bin/gnu/h-i686-mingw32/bin/../lib/gcc/nios2-elf/4.7.3/../../../../../H-i686-mingw32/nios2-elf/lib\libc.a(lib_a-fflush.o)
 .data          0x0200ecf4        0x0 c:/altera/13.1/nios2eds/bin/gnu/h-i686-mingw32/bin/../lib/gcc/nios2-elf/4.7.3/../../../../../H-i686-mingw32/nios2-elf/lib\libc.a(lib_a-findfp.o)
 .data          0x0200ecf4        0x0 c:/altera/13.1/nios2eds/bin/gnu/h-i686-mingw32/bin/../lib/gcc/nios2-elf/4.7.3/../../../../../H-i686-mingw32/nios2-elf/lib\libc.a(lib_a-flags.o)
 .data          0x0200ecf4        0x0 c:/altera/13.1/nios2eds/bin/gnu/h-i686-mingw32/bin/../lib/gcc/nios2-elf/4.7.3/../../../../../H-i686-mingw32/nios2-elf/lib\libc.a(lib_a-freer.o)
 .data          0x0200ecf4        0x0 c:/altera/13.1/nios2eds/bin/gnu/h-i686-mingw32/bin/../lib/gcc/nios2-elf/4.7.3/../../../../../H-i686-mingw32/nios2-elf/lib\libc.a(lib_a-fvwrite.o)
 .data          0x0200ecf4        0x0 c:/altera/13.1/nios2eds/bin/gnu/h-i686-mingw32/bin/../lib/gcc/nios2-elf/4.7.3/../../../../../H-i686-mingw32/nios2-elf/lib\libc.a(lib_a-fwalk.o)
 .data          0x0200ecf4        0x0 c:/altera/13.1/nios2eds/bin/gnu/h-i686-mingw32/bin/../lib/gcc/nios2-elf/4.7.3/../../../../../H-i686-mingw32/nios2-elf/lib\libc.a(lib_a-isattyr.o)
 .data          0x0200ecf4        0xc c:/altera/13.1/nios2eds/bin/gnu/h-i686-mingw32/bin/../lib/gcc/nios2-elf/4.7.3/../../../../../H-i686-mingw32/nios2-elf/lib\libc.a(lib_a-locale.o)
                0x0200ecf4                __lc_ctype
 .data          0x0200ed00        0x0 c:/altera/13.1/nios2eds/bin/gnu/h-i686-mingw32/bin/../lib/gcc/nios2-elf/4.7.3/../../../../../H-i686-mingw32/nios2-elf/lib\libc.a(lib_a-lseekr.o)
 .data          0x0200ed00        0x0 c:/altera/13.1/nios2eds/bin/gnu/h-i686-mingw32/bin/../lib/gcc/nios2-elf/4.7.3/../../../../../H-i686-mingw32/nios2-elf/lib\libc.a(lib_a-memchr.o)
 .data          0x0200ed00        0x0 c:/altera/13.1/nios2eds/bin/gnu/h-i686-mingw32/bin/../lib/gcc/nios2-elf/4.7.3/../../../../../H-i686-mingw32/nios2-elf/lib\libc.a(lib_a-memmove.o)
 .data          0x0200ed00        0x0 c:/altera/13.1/nios2eds/bin/gnu/h-i686-mingw32/bin/../lib/gcc/nios2-elf/4.7.3/../../../../../H-i686-mingw32/nios2-elf/lib\libc.a(lib_a-memset.o)
 .data          0x0200ed00        0x0 c:/altera/13.1/nios2eds/bin/gnu/h-i686-mingw32/bin/../lib/gcc/nios2-elf/4.7.3/../../../../../H-i686-mingw32/nios2-elf/lib\libc.a(lib_a-mprec.o)
 .data          0x0200ed00        0x0 c:/altera/13.1/nios2eds/bin/gnu/h-i686-mingw32/bin/../lib/gcc/nios2-elf/4.7.3/../../../../../H-i686-mingw32/nios2-elf/lib\libc.a(lib_a-putc.o)
 .data          0x0200ed00        0x0 c:/altera/13.1/nios2eds/bin/gnu/h-i686-mingw32/bin/../lib/gcc/nios2-elf/4.7.3/../../../../../H-i686-mingw32/nios2-elf/lib\libc.a(lib_a-readr.o)
 .data          0x0200ed00        0x0 c:/altera/13.1/nios2eds/bin/gnu/h-i686-mingw32/bin/../lib/gcc/nios2-elf/4.7.3/../../../../../H-i686-mingw32/nios2-elf/lib\libc.a(lib_a-reallocr.o)
 .data          0x0200ed00        0x0 c:/altera/13.1/nios2eds/bin/gnu/h-i686-mingw32/bin/../lib/gcc/nios2-elf/4.7.3/../../../../../H-i686-mingw32/nios2-elf/lib\libc.a(lib_a-s_isinfd.o)
 .data          0x0200ed00        0x0 c:/altera/13.1/nios2eds/bin/gnu/h-i686-mingw32/bin/../lib/gcc/nios2-elf/4.7.3/../../../../../H-i686-mingw32/nios2-elf/lib\libc.a(lib_a-s_isnand.o)
 .data          0x0200ed00        0x0 c:/altera/13.1/nios2eds/bin/gnu/h-i686-mingw32/bin/../lib/gcc/nios2-elf/4.7.3/../../../../../H-i686-mingw32/nios2-elf/lib\libc.a(lib_a-strcmp.o)
 .data          0x0200ed00        0x0 c:/altera/13.1/nios2eds/bin/gnu/h-i686-mingw32/bin/../lib/gcc/nios2-elf/4.7.3/../../../../../H-i686-mingw32/nios2-elf/lib\libc.a(lib_a-wbuf.o)
 .data          0x0200ed00        0x0 c:/altera/13.1/nios2eds/bin/gnu/h-i686-mingw32/bin/../lib/gcc/nios2-elf/4.7.3/../../../../../H-i686-mingw32/nios2-elf/lib\libc.a(lib_a-callocr.o)
 .data          0x0200ed00        0x0 c:/altera/13.1/nios2eds/bin/gnu/h-i686-mingw32/bin/../lib/gcc/nios2-elf/4.7.3/../../../../../H-i686-mingw32/nios2-elf/lib\libc.a(lib_a-fclose.o)
 .data          0x0200ed00        0x0 c:/altera/13.1/nios2eds/bin/gnu/h-i686-mingw32/bin/../lib/gcc/nios2-elf/4.7.3\libgcc.a(_umoddi3.o)
 .data          0x0200ed00        0x0 c:/altera/13.1/nios2eds/bin/gnu/h-i686-mingw32/bin/../lib/gcc/nios2-elf/4.7.3\libgcc.a(_addsub_df.o)
 .data          0x0200ed00        0x0 c:/altera/13.1/nios2eds/bin/gnu/h-i686-mingw32/bin/../lib/gcc/nios2-elf/4.7.3\libgcc.a(_mul_df.o)
 .data          0x0200ed00        0x0 c:/altera/13.1/nios2eds/bin/gnu/h-i686-mingw32/bin/../lib/gcc/nios2-elf/4.7.3\libgcc.a(_div_df.o)
 .data          0x0200ed00        0x0 c:/altera/13.1/nios2eds/bin/gnu/h-i686-mingw32/bin/../lib/gcc/nios2-elf/4.7.3\libgcc.a(_eq_df.o)
 .data          0x0200ed00        0x0 c:/altera/13.1/nios2eds/bin/gnu/h-i686-mingw32/bin/../lib/gcc/nios2-elf/4.7.3\libgcc.a(_ne_df.o)
 .data          0x0200ed00        0x0 c:/altera/13.1/nios2eds/bin/gnu/h-i686-mingw32/bin/../lib/gcc/nios2-elf/4.7.3\libgcc.a(_gt_df.o)
 .data          0x0200ed00        0x0 c:/altera/13.1/nios2eds/bin/gnu/h-i686-mingw32/bin/../lib/gcc/nios2-elf/4.7.3\libgcc.a(_ge_df.o)
 .data          0x0200ed00        0x0 c:/altera/13.1/nios2eds/bin/gnu/h-i686-mingw32/bin/../lib/gcc/nios2-elf/4.7.3\libgcc.a(_lt_df.o)
 .data          0x0200ed00        0x0 c:/altera/13.1/nios2eds/bin/gnu/h-i686-mingw32/bin/../lib/gcc/nios2-elf/4.7.3\libgcc.a(_si_to_df.o)
 .data          0x0200ed00        0x0 c:/altera/13.1/nios2eds/bin/gnu/h-i686-mingw32/bin/../lib/gcc/nios2-elf/4.7.3\libgcc.a(_df_to_si.o)
 .data          0x0200ed00        0x0 c:/altera/13.1/nios2eds/bin/gnu/h-i686-mingw32/bin/../lib/gcc/nios2-elf/4.7.3\libgcc.a(_thenan_df.o)
 .data          0x0200ed00        0x0 c:/altera/13.1/nios2eds/bin/gnu/h-i686-mingw32/bin/../lib/gcc/nios2-elf/4.7.3\libgcc.a(_usi_to_df.o)
 .data          0x0200ed00        0x0 c:/altera/13.1/nios2eds/bin/gnu/h-i686-mingw32/bin/../lib/gcc/nios2-elf/4.7.3\libgcc.a(_muldi3.o)
 .data          0x0200ed00        0x0 c:/altera/13.1/nios2eds/bin/gnu/h-i686-mingw32/bin/../lib/gcc/nios2-elf/4.7.3\libgcc.a(_clzsi2.o)
 .data          0x0200ed00        0x0 c:/altera/13.1/nios2eds/bin/gnu/h-i686-mingw32/bin/../lib/gcc/nios2-elf/4.7.3\libgcc.a(_pack_df.o)
 .data          0x0200ed00        0x0 c:/altera/13.1/nios2eds/bin/gnu/h-i686-mingw32/bin/../lib/gcc/nios2-elf/4.7.3\libgcc.a(_unpack_df.o)
 .data          0x0200ed00        0x0 c:/altera/13.1/nios2eds/bin/gnu/h-i686-mingw32/bin/../lib/gcc/nios2-elf/4.7.3\libgcc.a(_fpcmp_parts_df.o)
 .data          0x0200ed00        0x0 c:/altera/13.1/nios2eds/bin/gnu/h-i686-mingw32/bin/../lib/gcc/nios2-elf/4.7.3\libgcc.a(_lshrdi3.o)
 .data          0x0200ed00        0x0 c:/altera/13.1/nios2eds/bin/gnu/h-i686-mingw32/bin/../lib/gcc/nios2-elf/4.7.3\libgcc.a(_ashldi3.o)
 .data          0x0200ed00        0x0 C:/FPGAcontrol/CPU_bsp/\libhal_bsp.a(alt_close.o)
 .data          0x0200ed00      0x1a8 C:/FPGAcontrol/CPU_bsp/\libhal_bsp.a(alt_dev.o)
                0x0200ed00                alt_dev_null
                0x0200ed28                alt_fd_list
 .data          0x0200eea8        0x0 C:/FPGAcontrol/CPU_bsp/\libhal_bsp.a(alt_errno.o)
 .data          0x0200eea8        0x0 C:/FPGAcontrol/CPU_bsp/\libhal_bsp.a(alt_fstat.o)
 .data          0x0200eea8        0x0 C:/FPGAcontrol/CPU_bsp/\libhal_bsp.a(alt_isatty.o)
 .data          0x0200eea8        0x0 C:/FPGAcontrol/CPU_bsp/\libhal_bsp.a(alt_load.o)
 .data          0x0200eea8        0x0 C:/FPGAcontrol/CPU_bsp/\libhal_bsp.a(alt_lseek.o)
 .data          0x0200eea8        0x0 C:/FPGAcontrol/CPU_bsp/\libhal_bsp.a(alt_main.o)
 .data          0x0200eea8        0x0 C:/FPGAcontrol/CPU_bsp/\libhal_bsp.a(alt_malloc_lock.o)
 .data          0x0200eea8        0x0 C:/FPGAcontrol/CPU_bsp/\libhal_bsp.a(alt_open.o)
 .data          0x0200eea8        0x0 C:/FPGAcontrol/CPU_bsp/\libhal_bsp.a(alt_read.o)
 .data          0x0200eea8        0x0 C:/FPGAcontrol/CPU_bsp/\libhal_bsp.a(alt_release_fd.o)
 .data          0x0200eea8        0x0 C:/FPGAcontrol/CPU_bsp/\libhal_bsp.a(alt_sbrk.o)
 .data          0x0200eea8        0x0 C:/FPGAcontrol/CPU_bsp/\libhal_bsp.a(alt_usleep.o)
 .data          0x0200eea8        0x0 C:/FPGAcontrol/CPU_bsp/\libhal_bsp.a(alt_write.o)
 .data          0x0200eea8     0x1124 C:/FPGAcontrol/CPU_bsp/\libhal_bsp.a(alt_sys_init.o)
 .data          0x0200ffcc        0x0 C:/FPGAcontrol/CPU_bsp/\libhal_bsp.a(altera_avalon_jtag_uart_fd.o)
 .data          0x0200ffcc        0x0 C:/FPGAcontrol/CPU_bsp/\libhal_bsp.a(altera_avalon_jtag_uart_init.o)
 .data          0x0200ffcc        0x0 C:/FPGAcontrol/CPU_bsp/\libhal_bsp.a(altera_avalon_jtag_uart_ioctl.o)
 .data          0x0200ffcc        0x0 C:/FPGAcontrol/CPU_bsp/\libhal_bsp.a(altera_avalon_jtag_uart_read.o)
 .data          0x0200ffcc        0x0 C:/FPGAcontrol/CPU_bsp/\libhal_bsp.a(altera_avalon_jtag_uart_write.o)
 .data          0x0200ffcc        0x0 C:/FPGAcontrol/CPU_bsp/\libhal_bsp.a(altera_avalon_timer_ts.o)
 .data          0x0200ffcc        0x0 C:/FPGAcontrol/CPU_bsp/\libhal_bsp.a(altera_avalon_timer_vars.o)
 .data          0x0200ffcc        0x0 C:/FPGAcontrol/CPU_bsp/\libhal_bsp.a(altera_avalon_uart_fd.o)
 .data          0x0200ffcc        0x0 C:/FPGAcontrol/CPU_bsp/\libhal_bsp.a(altera_avalon_uart_init.o)
 .data          0x0200ffcc        0x0 C:/FPGAcontrol/CPU_bsp/\libhal_bsp.a(altera_avalon_uart_read.o)
 .data          0x0200ffcc        0x0 C:/FPGAcontrol/CPU_bsp/\libhal_bsp.a(altera_avalon_uart_write.o)
 .data          0x0200ffcc        0x0 C:/FPGAcontrol/CPU_bsp/\libhal_bsp.a(alt_alarm_start.o)
 .data          0x0200ffcc        0x0 C:/FPGAcontrol/CPU_bsp/\libhal_bsp.a(alt_busy_sleep.o)
 .data          0x0200ffcc        0x0 C:/FPGAcontrol/CPU_bsp/\libhal_bsp.a(alt_dcache_flush_all.o)
 .data          0x0200ffcc        0x0 C:/FPGAcontrol/CPU_bsp/\libhal_bsp.a(alt_dev_llist_insert.o)
 .data          0x0200ffcc        0x0 C:/FPGAcontrol/CPU_bsp/\libhal_bsp.a(alt_do_ctors.o)
 .data          0x0200ffcc        0x0 C:/FPGAcontrol/CPU_bsp/\libhal_bsp.a(alt_do_dtors.o)
 .data          0x0200ffcc        0x0 C:/FPGAcontrol/CPU_bsp/\libhal_bsp.a(alt_find_dev.o)
 .data          0x0200ffcc        0x0 C:/FPGAcontrol/CPU_bsp/\libhal_bsp.a(alt_find_file.o)
 .data          0x0200ffcc        0x0 C:/FPGAcontrol/CPU_bsp/\libhal_bsp.a(alt_get_fd.o)
 .data          0x0200ffcc        0x0 C:/FPGAcontrol/CPU_bsp/\libhal_bsp.a(alt_icache_flush_all.o)
 .data          0x0200ffcc        0x0 C:/FPGAcontrol/CPU_bsp/\libhal_bsp.a(alt_iic.o)
 .data          0x0200ffcc        0x0 C:/FPGAcontrol/CPU_bsp/\libhal_bsp.a(alt_iic_isr_register.o)
 .data          0x0200ffcc        0x0 C:/FPGAcontrol/CPU_bsp/\libhal_bsp.a(alt_io_redirect.o)
 .data          0x0200ffcc        0x0 C:/FPGAcontrol/CPU_bsp/\libhal_bsp.a(alt_irq_entry.o)
 .data          0x0200ffcc        0x0 C:/FPGAcontrol/CPU_bsp/\libhal_bsp.a(alt_irq_handler.o)
 .data          0x0200ffcc        0x0 C:/FPGAcontrol/CPU_bsp/\libhal_bsp.a(alt_irq_vars.o)
 .data          0x0200ffcc        0x0 C:/FPGAcontrol/CPU_bsp/\libhal_bsp.a(alt_tick.o)
 .data          0x0200ffcc        0x0 C:/FPGAcontrol/CPU_bsp/\libhal_bsp.a(altera_nios2_qsys_irq.o)
 .data          0x0200ffcc        0x0 C:/FPGAcontrol/CPU_bsp/\libhal_bsp.a(alt_exception_entry.o)
 .data          0x0200ffcc        0x0 C:/FPGAcontrol/CPU_bsp/\libhal_bsp.a(alt_icache_flush.o)
 .data          0x0200ffcc        0x0 c:/altera/13.1/nios2eds/bin/gnu/h-i686-mingw32/bin/../lib/gcc/nios2-elf/4.7.3/../../../../../H-i686-mingw32/nios2-elf/lib\libc.a(lib_a-atexit.o)
 .data          0x0200ffcc        0x0 c:/altera/13.1/nios2eds/bin/gnu/h-i686-mingw32/bin/../lib/gcc/nios2-elf/4.7.3/../../../../../H-i686-mingw32/nios2-elf/lib\libc.a(lib_a-exit.o)
 .data          0x0200ffcc        0x0 c:/altera/13.1/nios2eds/bin/gnu/h-i686-mingw32/bin/../lib/gcc/nios2-elf/4.7.3/../../../../../H-i686-mingw32/nios2-elf/lib\libc.a(lib_a-memcmp.o)
 .data          0x0200ffcc        0x0 c:/altera/13.1/nios2eds/bin/gnu/h-i686-mingw32/bin/../lib/gcc/nios2-elf/4.7.3/../../../../../H-i686-mingw32/nios2-elf/lib\libc.a(lib_a-__atexit.o)
 .data          0x0200ffcc        0x0 c:/altera/13.1/nios2eds/bin/gnu/h-i686-mingw32/bin/../lib/gcc/nios2-elf/4.7.3/../../../../../H-i686-mingw32/nios2-elf/lib\libc.a(lib_a-__call_atexit.o)
 .data          0x0200ffcc        0x0 C:/FPGAcontrol/CPU_bsp/\libhal_bsp.a(alt_exit.o)
                0x02017fcc                _gp = ABSOLUTE ((. + 0x8000))
                0x02017fcc                PROVIDE (gp, _gp)
 *(.rwdata .rwdata.*)
 *(.sdata .sdata.* .gnu.linkonce.s.*)
 .sdata         0x0200ffcc        0x8 obj/default/hello_world.o
                0x0200ffcc                antNetKey
 .sdata         0x0200ffd4        0x8 c:/altera/13.1/nios2eds/bin/gnu/h-i686-mingw32/bin/../lib/gcc/nios2-elf/4.7.3/../../../../../H-i686-mingw32/nios2-elf/lib\libc.a(lib_a-impure.o)
                0x0200ffd4                _global_impure_ptr
                0x0200ffd8                _impure_ptr
 .sdata         0x0200ffdc        0x8 c:/altera/13.1/nios2eds/bin/gnu/h-i686-mingw32/bin/../lib/gcc/nios2-elf/4.7.3/../../../../../H-i686-mingw32/nios2-elf/lib\libc.a(lib_a-mallocr.o)
                0x0200ffdc                __malloc_sbrk_base
                0x0200ffe0                __malloc_trim_threshold
 .sdata         0x0200ffe4        0x4 c:/altera/13.1/nios2eds/bin/gnu/h-i686-mingw32/bin/../lib/gcc/nios2-elf/4.7.3/../../../../../H-i686-mingw32/nios2-elf/lib\libc.a(lib_a-locale.o)
                0x0200ffe4                __mb_cur_max
 .sdata         0x0200ffe8       0x14 C:/FPGAcontrol/CPU_bsp/\libhal_bsp.a(alt_dev.o)
                0x0200ffe8                alt_fs_list
                0x0200fff0                alt_dev_list
                0x0200fff8                alt_max_fd
 .sdata         0x0200fffc        0x4 C:/FPGAcontrol/CPU_bsp/\libhal_bsp.a(alt_errno.o)
                0x0200fffc                alt_errno
 .sdata         0x02010000        0x4 C:/FPGAcontrol/CPU_bsp/\libhal_bsp.a(alt_sbrk.o)
 .sdata         0x02010004        0x4 C:/FPGAcontrol/CPU_bsp/\libhal_bsp.a(alt_irq_vars.o)
                0x02010004                alt_priority_mask
 .sdata         0x02010008        0x8 C:/FPGAcontrol/CPU_bsp/\libhal_bsp.a(alt_tick.o)
                0x02010008                alt_alarm_list
 *(.sdata2 .sdata2.* .gnu.linkonce.s2.*)
                0x02010010                . = ALIGN (0x4)
                0x02010010                _edata = ABSOLUTE (.)
                0x02010010                PROVIDE (edata, ABSOLUTE (.))
                0x02010010                PROVIDE (__ram_rwdata_end, ABSOLUTE (.))
                0x02010010                PROVIDE (__flash_rwdata_start, LOADADDR (.rwdata))

.bss            0x02011b34      0x358
                0x02011b34                __bss_start = ABSOLUTE (.)
                0x02011b34                PROVIDE (__sbss_start, ABSOLUTE (.))
                0x02011b34                PROVIDE (___sbss_start, ABSOLUTE (.))
 *(.dynsbss)
 *(.sbss .sbss.* .gnu.linkonce.sb.*)
 .sbss          0x02011b34       0x10 obj/default/hello_world.o
                0x02011b34                rxBufCnt
                0x02011b38                oldHeartRate
                0x02011b3c                TicksPerSecond
                0x02011b40                packetCount
 .sbss          0x02011b44        0x4 obj/default/hello_world.o
                0x02011b44                ANTUART
 .sbss          0x02011b48        0x4 c:/altera/13.1/nios2eds/bin/gnu/h-i686-mingw32/bin/../lib/gcc/nios2-elf/4.7.3/../../../../../H-i686-mingw32/nios2-elf/lib\libc.a(lib_a-int_errno.o)
                0x02011b48                errno
 .sbss          0x02011b4c        0xc c:/altera/13.1/nios2eds/bin/gnu/h-i686-mingw32/bin/../lib/gcc/nios2-elf/4.7.3/../../../../../H-i686-mingw32/nios2-elf/lib\libc.a(lib_a-mallocr.o)
                0x02011b4c                __malloc_max_total_mem
                0x02011b50                __malloc_max_sbrked_mem
                0x02011b54                __malloc_top_pad
 .sbss          0x02011b58        0xc c:/altera/13.1/nios2eds/bin/gnu/h-i686-mingw32/bin/../lib/gcc/nios2-elf/4.7.3/../../../../../H-i686-mingw32/nios2-elf/lib\libc.a(lib_a-locale.o)
                0x02011b58                _PathLocale
                0x02011b5c                __mlocale_changed
                0x02011b60                __nlocale_changed
 .sbss          0x02011b64        0xc C:/FPGAcontrol/CPU_bsp/\libhal_bsp.a(alt_main.o)
                0x02011b64                alt_argc
                0x02011b68                alt_argv
                0x02011b6c                alt_envp
 .sbss          0x02011b70        0x8 C:/FPGAcontrol/CPU_bsp/\libhal_bsp.a(altera_avalon_timer_vars.o)
                0x02011b70                altera_avalon_timer_ts_base
                0x02011b74                altera_avalon_timer_ts_freq
 .sbss          0x02011b78        0x4 C:/FPGAcontrol/CPU_bsp/\libhal_bsp.a(alt_irq_vars.o)
                0x02011b78                alt_irq_active
 .sbss          0x02011b7c        0x8 C:/FPGAcontrol/CPU_bsp/\libhal_bsp.a(alt_tick.o)
                0x02011b7c                _alt_tick_rate
                0x02011b80                _alt_nticks
 *(.sbss2 .sbss2.* .gnu.linkonce.sb2.*)
 *(.scommon)
                0x02011b84                PROVIDE (__sbss_end, ABSOLUTE (.))
                0x02011b84                PROVIDE (___sbss_end, ABSOLUTE (.))
 *(.dynbss)
 *(.bss .bss.* .gnu.linkonce.b.*)
 .bss           0x02011b84        0x0 C:/FPGAcontrol/CPU_bsp//obj/HAL/src/crt0.o
 .bss           0x02011b84        0x0 obj/default/hello_world.o
 .bss           0x02011b84        0x0 c:/altera/13.1/nios2eds/bin/gnu/h-i686-mingw32/bin/../lib/gcc/nios2-elf/4.7.3\libgcc.a(_udivdi3.o)
 .bss           0x02011b84        0x0 c:/altera/13.1/nios2eds/bin/gnu/h-i686-mingw32/bin/../lib/gcc/nios2-elf/4.7.3\libgcc.a(lib2-divmod.o)
 .bss           0x02011b84        0x0 c:/altera/13.1/nios2eds/bin/gnu/h-i686-mingw32/bin/../lib/gcc/nios2-elf/4.7.3\libgcc.a(_clz.o)
 .bss           0x02011b84        0x0 c:/altera/13.1/nios2eds/bin/gnu/h-i686-mingw32/bin/../lib/gcc/nios2-elf/4.7.3/../../../../../H-i686-mingw32/nios2-elf/lib\libc.a(lib_a-fopen.o)
 .bss           0x02011b84        0x0 c:/altera/13.1/nios2eds/bin/gnu/h-i686-mingw32/bin/../lib/gcc/nios2-elf/4.7.3/../../../../../H-i686-mingw32/nios2-elf/lib\libc.a(lib_a-fseek.o)
 .bss           0x02011b84        0x0 c:/altera/13.1/nios2eds/bin/gnu/h-i686-mingw32/bin/../lib/gcc/nios2-elf/4.7.3/../../../../../H-i686-mingw32/nios2-elf/lib\libc.a(lib_a-fstatr.o)
 .bss           0x02011b84        0x0 c:/altera/13.1/nios2eds/bin/gnu/h-i686-mingw32/bin/../lib/gcc/nios2-elf/4.7.3/../../../../../H-i686-mingw32/nios2-elf/lib\libc.a(lib_a-fwrite.o)
 .bss           0x02011b84        0x0 c:/altera/13.1/nios2eds/bin/gnu/h-i686-mingw32/bin/../lib/gcc/nios2-elf/4.7.3/../../../../../H-i686-mingw32/nios2-elf/lib\libc.a(lib_a-getc.o)
 .bss           0x02011b84        0x0 c:/altera/13.1/nios2eds/bin/gnu/h-i686-mingw32/bin/../lib/gcc/nios2-elf/4.7.3/../../../../../H-i686-mingw32/nios2-elf/lib\libc.a(lib_a-impure.o)
 .bss           0x02011b84        0x0 c:/altera/13.1/nios2eds/bin/gnu/h-i686-mingw32/bin/../lib/gcc/nios2-elf/4.7.3/../../../../../H-i686-mingw32/nios2-elf/lib\libc.a(lib_a-int_errno.o)
 .bss           0x02011b84        0x0 c:/altera/13.1/nios2eds/bin/gnu/h-i686-mingw32/bin/../lib/gcc/nios2-elf/4.7.3/../../../../../H-i686-mingw32/nios2-elf/lib\libc.a(lib_a-makebuf.o)
 .bss           0x02011b84       0x28 c:/altera/13.1/nios2eds/bin/gnu/h-i686-mingw32/bin/../lib/gcc/nios2-elf/4.7.3/../../../../../H-i686-mingw32/nios2-elf/lib\libc.a(lib_a-mallocr.o)
                0x02011b84                __malloc_current_mallinfo
 .bss           0x02011bac        0x0 c:/altera/13.1/nios2eds/bin/gnu/h-i686-mingw32/bin/../lib/gcc/nios2-elf/4.7.3/../../../../../H-i686-mingw32/nios2-elf/lib\libc.a(lib_a-memcpy.o)
 .bss           0x02011bac        0x0 c:/altera/13.1/nios2eds/bin/gnu/h-i686-mingw32/bin/../lib/gcc/nios2-elf/4.7.3/../../../../../H-i686-mingw32/nios2-elf/lib\libc.a(lib_a-openr.o)
 .bss           0x02011bac        0x0 c:/altera/13.1/nios2eds/bin/gnu/h-i686-mingw32/bin/../lib/gcc/nios2-elf/4.7.3/../../../../../H-i686-mingw32/nios2-elf/lib\libc.a(lib_a-printf.o)
 .bss           0x02011bac        0x0 c:/altera/13.1/nios2eds/bin/gnu/h-i686-mingw32/bin/../lib/gcc/nios2-elf/4.7.3/../../../../../H-i686-mingw32/nios2-elf/lib\libc.a(lib_a-putchar.o)
 .bss           0x02011bac        0x0 c:/altera/13.1/nios2eds/bin/gnu/h-i686-mingw32/bin/../lib/gcc/nios2-elf/4.7.3/../../../../../H-i686-mingw32/nios2-elf/lib\libc.a(lib_a-puts.o)
 .bss           0x02011bac        0x0 c:/altera/13.1/nios2eds/bin/gnu/h-i686-mingw32/bin/../lib/gcc/nios2-elf/4.7.3/../../../../../H-i686-mingw32/nios2-elf/lib\libc.a(lib_a-refill.o)
 .bss           0x02011bac        0x0 c:/altera/13.1/nios2eds/bin/gnu/h-i686-mingw32/bin/../lib/gcc/nios2-elf/4.7.3/../../../../../H-i686-mingw32/nios2-elf/lib\libc.a(lib_a-rget.o)
 .bss           0x02011bac        0x0 c:/altera/13.1/nios2eds/bin/gnu/h-i686-mingw32/bin/../lib/gcc/nios2-elf/4.7.3/../../../../../H-i686-mingw32/nios2-elf/lib\libc.a(lib_a-sbrkr.o)
 .bss           0x02011bac        0x0 c:/altera/13.1/nios2eds/bin/gnu/h-i686-mingw32/bin/../lib/gcc/nios2-elf/4.7.3/../../../../../H-i686-mingw32/nios2-elf/lib\libc.a(lib_a-stdio.o)
 .bss           0x02011bac        0x0 c:/altera/13.1/nios2eds/bin/gnu/h-i686-mingw32/bin/../lib/gcc/nios2-elf/4.7.3/../../../../../H-i686-mingw32/nios2-elf/lib\libc.a(lib_a-strlen.o)
 .bss           0x02011bac        0x0 c:/altera/13.1/nios2eds/bin/gnu/h-i686-mingw32/bin/../lib/gcc/nios2-elf/4.7.3/../../../../../H-i686-mingw32/nios2-elf/lib\libc.a(lib_a-vfprintf.o)
 .bss           0x02011bac        0x0 c:/altera/13.1/nios2eds/bin/gnu/h-i686-mingw32/bin/../lib/gcc/nios2-elf/4.7.3/../../../../../H-i686-mingw32/nios2-elf/lib\libc.a(lib_a-writer.o)
 .bss           0x02011bac        0x0 c:/altera/13.1/nios2eds/bin/gnu/h-i686-mingw32/bin/../lib/gcc/nios2-elf/4.7.3/../../../../../H-i686-mingw32/nios2-elf/lib\libc.a(lib_a-wsetup.o)
 .bss           0x02011bac        0x0 c:/altera/13.1/nios2eds/bin/gnu/h-i686-mingw32/bin/../lib/gcc/nios2-elf/4.7.3/../../../../../H-i686-mingw32/nios2-elf/lib\libc.a(lib_a-closer.o)
 .bss           0x02011bac        0x0 c:/altera/13.1/nios2eds/bin/gnu/h-i686-mingw32/bin/../lib/gcc/nios2-elf/4.7.3/../../../../../H-i686-mingw32/nios2-elf/lib\libc.a(lib_a-dtoa.o)
 .bss           0x02011bac        0x0 c:/altera/13.1/nios2eds/bin/gnu/h-i686-mingw32/bin/../lib/gcc/nios2-elf/4.7.3/../../../../../H-i686-mingw32/nios2-elf/lib\libc.a(lib_a-fflush.o)
 .bss           0x02011bac        0x0 c:/altera/13.1/nios2eds/bin/gnu/h-i686-mingw32/bin/../lib/gcc/nios2-elf/4.7.3/../../../../../H-i686-mingw32/nios2-elf/lib\libc.a(lib_a-findfp.o)
 .bss           0x02011bac        0x0 c:/altera/13.1/nios2eds/bin/gnu/h-i686-mingw32/bin/../lib/gcc/nios2-elf/4.7.3/../../../../../H-i686-mingw32/nios2-elf/lib\libc.a(lib_a-flags.o)
 .bss           0x02011bac        0x0 c:/altera/13.1/nios2eds/bin/gnu/h-i686-mingw32/bin/../lib/gcc/nios2-elf/4.7.3/../../../../../H-i686-mingw32/nios2-elf/lib\libc.a(lib_a-freer.o)
 .bss           0x02011bac        0x0 c:/altera/13.1/nios2eds/bin/gnu/h-i686-mingw32/bin/../lib/gcc/nios2-elf/4.7.3/../../../../../H-i686-mingw32/nios2-elf/lib\libc.a(lib_a-fvwrite.o)
 .bss           0x02011bac        0x0 c:/altera/13.1/nios2eds/bin/gnu/h-i686-mingw32/bin/../lib/gcc/nios2-elf/4.7.3/../../../../../H-i686-mingw32/nios2-elf/lib\libc.a(lib_a-fwalk.o)
 .bss           0x02011bac        0x0 c:/altera/13.1/nios2eds/bin/gnu/h-i686-mingw32/bin/../lib/gcc/nios2-elf/4.7.3/../../../../../H-i686-mingw32/nios2-elf/lib\libc.a(lib_a-isattyr.o)
 .bss           0x02011bac        0x0 c:/altera/13.1/nios2eds/bin/gnu/h-i686-mingw32/bin/../lib/gcc/nios2-elf/4.7.3/../../../../../H-i686-mingw32/nios2-elf/lib\libc.a(lib_a-locale.o)
 .bss           0x02011bac        0x0 c:/altera/13.1/nios2eds/bin/gnu/h-i686-mingw32/bin/../lib/gcc/nios2-elf/4.7.3/../../../../../H-i686-mingw32/nios2-elf/lib\libc.a(lib_a-lseekr.o)
 .bss           0x02011bac        0x0 c:/altera/13.1/nios2eds/bin/gnu/h-i686-mingw32/bin/../lib/gcc/nios2-elf/4.7.3/../../../../../H-i686-mingw32/nios2-elf/lib\libc.a(lib_a-memchr.o)
 .bss           0x02011bac        0x0 c:/altera/13.1/nios2eds/bin/gnu/h-i686-mingw32/bin/../lib/gcc/nios2-elf/4.7.3/../../../../../H-i686-mingw32/nios2-elf/lib\libc.a(lib_a-memmove.o)
 .bss           0x02011bac        0x0 c:/altera/13.1/nios2eds/bin/gnu/h-i686-mingw32/bin/../lib/gcc/nios2-elf/4.7.3/../../../../../H-i686-mingw32/nios2-elf/lib\libc.a(lib_a-memset.o)
 .bss           0x02011bac        0x0 c:/altera/13.1/nios2eds/bin/gnu/h-i686-mingw32/bin/../lib/gcc/nios2-elf/4.7.3/../../../../../H-i686-mingw32/nios2-elf/lib\libc.a(lib_a-mprec.o)
 .bss           0x02011bac        0x0 c:/altera/13.1/nios2eds/bin/gnu/h-i686-mingw32/bin/../lib/gcc/nios2-elf/4.7.3/../../../../../H-i686-mingw32/nios2-elf/lib\libc.a(lib_a-putc.o)
 .bss           0x02011bac        0x0 c:/altera/13.1/nios2eds/bin/gnu/h-i686-mingw32/bin/../lib/gcc/nios2-elf/4.7.3/../../../../../H-i686-mingw32/nios2-elf/lib\libc.a(lib_a-readr.o)
 .bss           0x02011bac        0x0 c:/altera/13.1/nios2eds/bin/gnu/h-i686-mingw32/bin/../lib/gcc/nios2-elf/4.7.3/../../../../../H-i686-mingw32/nios2-elf/lib\libc.a(lib_a-reallocr.o)
 .bss           0x02011bac        0x0 c:/altera/13.1/nios2eds/bin/gnu/h-i686-mingw32/bin/../lib/gcc/nios2-elf/4.7.3/../../../../../H-i686-mingw32/nios2-elf/lib\libc.a(lib_a-s_isinfd.o)
 .bss           0x02011bac        0x0 c:/altera/13.1/nios2eds/bin/gnu/h-i686-mingw32/bin/../lib/gcc/nios2-elf/4.7.3/../../../../../H-i686-mingw32/nios2-elf/lib\libc.a(lib_a-s_isnand.o)
 .bss           0x02011bac        0x0 c:/altera/13.1/nios2eds/bin/gnu/h-i686-mingw32/bin/../lib/gcc/nios2-elf/4.7.3/../../../../../H-i686-mingw32/nios2-elf/lib\libc.a(lib_a-strcmp.o)
 .bss           0x02011bac        0x0 c:/altera/13.1/nios2eds/bin/gnu/h-i686-mingw32/bin/../lib/gcc/nios2-elf/4.7.3/../../../../../H-i686-mingw32/nios2-elf/lib\libc.a(lib_a-wbuf.o)
 .bss           0x02011bac        0x0 c:/altera/13.1/nios2eds/bin/gnu/h-i686-mingw32/bin/../lib/gcc/nios2-elf/4.7.3/../../../../../H-i686-mingw32/nios2-elf/lib\libc.a(lib_a-callocr.o)
 .bss           0x02011bac        0x0 c:/altera/13.1/nios2eds/bin/gnu/h-i686-mingw32/bin/../lib/gcc/nios2-elf/4.7.3/../../../../../H-i686-mingw32/nios2-elf/lib\libc.a(lib_a-fclose.o)
 .bss           0x02011bac        0x0 c:/altera/13.1/nios2eds/bin/gnu/h-i686-mingw32/bin/../lib/gcc/nios2-elf/4.7.3\libgcc.a(_umoddi3.o)
 .bss           0x02011bac        0x0 c:/altera/13.1/nios2eds/bin/gnu/h-i686-mingw32/bin/../lib/gcc/nios2-elf/4.7.3\libgcc.a(_addsub_df.o)
 .bss           0x02011bac        0x0 c:/altera/13.1/nios2eds/bin/gnu/h-i686-mingw32/bin/../lib/gcc/nios2-elf/4.7.3\libgcc.a(_mul_df.o)
 .bss           0x02011bac        0x0 c:/altera/13.1/nios2eds/bin/gnu/h-i686-mingw32/bin/../lib/gcc/nios2-elf/4.7.3\libgcc.a(_div_df.o)
 .bss           0x02011bac        0x0 c:/altera/13.1/nios2eds/bin/gnu/h-i686-mingw32/bin/../lib/gcc/nios2-elf/4.7.3\libgcc.a(_eq_df.o)
 .bss           0x02011bac        0x0 c:/altera/13.1/nios2eds/bin/gnu/h-i686-mingw32/bin/../lib/gcc/nios2-elf/4.7.3\libgcc.a(_ne_df.o)
 .bss           0x02011bac        0x0 c:/altera/13.1/nios2eds/bin/gnu/h-i686-mingw32/bin/../lib/gcc/nios2-elf/4.7.3\libgcc.a(_gt_df.o)
 .bss           0x02011bac        0x0 c:/altera/13.1/nios2eds/bin/gnu/h-i686-mingw32/bin/../lib/gcc/nios2-elf/4.7.3\libgcc.a(_ge_df.o)
 .bss           0x02011bac        0x0 c:/altera/13.1/nios2eds/bin/gnu/h-i686-mingw32/bin/../lib/gcc/nios2-elf/4.7.3\libgcc.a(_lt_df.o)
 .bss           0x02011bac        0x0 c:/altera/13.1/nios2eds/bin/gnu/h-i686-mingw32/bin/../lib/gcc/nios2-elf/4.7.3\libgcc.a(_si_to_df.o)
 .bss           0x02011bac        0x0 c:/altera/13.1/nios2eds/bin/gnu/h-i686-mingw32/bin/../lib/gcc/nios2-elf/4.7.3\libgcc.a(_df_to_si.o)
 .bss           0x02011bac        0x0 c:/altera/13.1/nios2eds/bin/gnu/h-i686-mingw32/bin/../lib/gcc/nios2-elf/4.7.3\libgcc.a(_thenan_df.o)
 .bss           0x02011bac        0x0 c:/altera/13.1/nios2eds/bin/gnu/h-i686-mingw32/bin/../lib/gcc/nios2-elf/4.7.3\libgcc.a(_usi_to_df.o)
 .bss           0x02011bac        0x0 c:/altera/13.1/nios2eds/bin/gnu/h-i686-mingw32/bin/../lib/gcc/nios2-elf/4.7.3\libgcc.a(_muldi3.o)
 .bss           0x02011bac        0x0 c:/altera/13.1/nios2eds/bin/gnu/h-i686-mingw32/bin/../lib/gcc/nios2-elf/4.7.3\libgcc.a(_clzsi2.o)
 .bss           0x02011bac        0x0 c:/altera/13.1/nios2eds/bin/gnu/h-i686-mingw32/bin/../lib/gcc/nios2-elf/4.7.3\libgcc.a(_pack_df.o)
 .bss           0x02011bac        0x0 c:/altera/13.1/nios2eds/bin/gnu/h-i686-mingw32/bin/../lib/gcc/nios2-elf/4.7.3\libgcc.a(_unpack_df.o)
 .bss           0x02011bac        0x0 c:/altera/13.1/nios2eds/bin/gnu/h-i686-mingw32/bin/../lib/gcc/nios2-elf/4.7.3\libgcc.a(_fpcmp_parts_df.o)
 .bss           0x02011bac        0x0 c:/altera/13.1/nios2eds/bin/gnu/h-i686-mingw32/bin/../lib/gcc/nios2-elf/4.7.3\libgcc.a(_lshrdi3.o)
 .bss           0x02011bac        0x0 c:/altera/13.1/nios2eds/bin/gnu/h-i686-mingw32/bin/../lib/gcc/nios2-elf/4.7.3\libgcc.a(_ashldi3.o)
 .bss           0x02011bac        0x0 C:/FPGAcontrol/CPU_bsp/\libhal_bsp.a(alt_close.o)
 .bss           0x02011bac        0x0 C:/FPGAcontrol/CPU_bsp/\libhal_bsp.a(alt_dev.o)
 .bss           0x02011bac        0x0 C:/FPGAcontrol/CPU_bsp/\libhal_bsp.a(alt_errno.o)
 .bss           0x02011bac        0x0 C:/FPGAcontrol/CPU_bsp/\libhal_bsp.a(alt_fstat.o)
 .bss           0x02011bac        0x0 C:/FPGAcontrol/CPU_bsp/\libhal_bsp.a(alt_isatty.o)
 .bss           0x02011bac        0x0 C:/FPGAcontrol/CPU_bsp/\libhal_bsp.a(alt_load.o)
 .bss           0x02011bac        0x0 C:/FPGAcontrol/CPU_bsp/\libhal_bsp.a(alt_lseek.o)
 .bss           0x02011bac        0x0 C:/FPGAcontrol/CPU_bsp/\libhal_bsp.a(alt_main.o)
 .bss           0x02011bac        0x0 C:/FPGAcontrol/CPU_bsp/\libhal_bsp.a(alt_malloc_lock.o)
 .bss           0x02011bac        0x0 C:/FPGAcontrol/CPU_bsp/\libhal_bsp.a(alt_open.o)
 .bss           0x02011bac        0x0 C:/FPGAcontrol/CPU_bsp/\libhal_bsp.a(alt_read.o)
 .bss           0x02011bac        0x0 C:/FPGAcontrol/CPU_bsp/\libhal_bsp.a(alt_release_fd.o)
 .bss           0x02011bac        0x0 C:/FPGAcontrol/CPU_bsp/\libhal_bsp.a(alt_sbrk.o)
 .bss           0x02011bac        0x0 C:/FPGAcontrol/CPU_bsp/\libhal_bsp.a(alt_usleep.o)
 .bss           0x02011bac        0x0 C:/FPGAcontrol/CPU_bsp/\libhal_bsp.a(alt_write.o)
 .bss           0x02011bac        0x0 C:/FPGAcontrol/CPU_bsp/\libhal_bsp.a(alt_sys_init.o)
 .bss           0x02011bac        0x0 C:/FPGAcontrol/CPU_bsp/\libhal_bsp.a(altera_avalon_jtag_uart_fd.o)
 .bss           0x02011bac        0x0 C:/FPGAcontrol/CPU_bsp/\libhal_bsp.a(altera_avalon_jtag_uart_init.o)
 .bss           0x02011bac        0x0 C:/FPGAcontrol/CPU_bsp/\libhal_bsp.a(altera_avalon_jtag_uart_ioctl.o)
 .bss           0x02011bac        0x0 C:/FPGAcontrol/CPU_bsp/\libhal_bsp.a(altera_avalon_jtag_uart_read.o)
 .bss           0x02011bac        0x0 C:/FPGAcontrol/CPU_bsp/\libhal_bsp.a(altera_avalon_jtag_uart_write.o)
 .bss           0x02011bac        0x0 C:/FPGAcontrol/CPU_bsp/\libhal_bsp.a(altera_avalon_timer_ts.o)
 .bss           0x02011bac        0x0 C:/FPGAcontrol/CPU_bsp/\libhal_bsp.a(altera_avalon_timer_vars.o)
 .bss           0x02011bac        0x0 C:/FPGAcontrol/CPU_bsp/\libhal_bsp.a(altera_avalon_uart_fd.o)
 .bss           0x02011bac        0x0 C:/FPGAcontrol/CPU_bsp/\libhal_bsp.a(altera_avalon_uart_init.o)
 .bss           0x02011bac        0x0 C:/FPGAcontrol/CPU_bsp/\libhal_bsp.a(altera_avalon_uart_read.o)
 .bss           0x02011bac        0x0 C:/FPGAcontrol/CPU_bsp/\libhal_bsp.a(altera_avalon_uart_write.o)
 .bss           0x02011bac        0x0 C:/FPGAcontrol/CPU_bsp/\libhal_bsp.a(alt_alarm_start.o)
 .bss           0x02011bac        0x0 C:/FPGAcontrol/CPU_bsp/\libhal_bsp.a(alt_busy_sleep.o)
 .bss           0x02011bac        0x0 C:/FPGAcontrol/CPU_bsp/\libhal_bsp.a(alt_dcache_flush_all.o)
 .bss           0x02011bac        0x0 C:/FPGAcontrol/CPU_bsp/\libhal_bsp.a(alt_dev_llist_insert.o)
 .bss           0x02011bac        0x0 C:/FPGAcontrol/CPU_bsp/\libhal_bsp.a(alt_do_ctors.o)
 .bss           0x02011bac        0x0 C:/FPGAcontrol/CPU_bsp/\libhal_bsp.a(alt_do_dtors.o)
 .bss           0x02011bac        0x0 C:/FPGAcontrol/CPU_bsp/\libhal_bsp.a(alt_find_dev.o)
 .bss           0x02011bac        0x0 C:/FPGAcontrol/CPU_bsp/\libhal_bsp.a(alt_find_file.o)
 .bss           0x02011bac        0x0 C:/FPGAcontrol/CPU_bsp/\libhal_bsp.a(alt_get_fd.o)
 .bss           0x02011bac        0x0 C:/FPGAcontrol/CPU_bsp/\libhal_bsp.a(alt_icache_flush_all.o)
 .bss           0x02011bac        0x0 C:/FPGAcontrol/CPU_bsp/\libhal_bsp.a(alt_iic.o)
 .bss           0x02011bac        0x0 C:/FPGAcontrol/CPU_bsp/\libhal_bsp.a(alt_iic_isr_register.o)
 .bss           0x02011bac        0x0 C:/FPGAcontrol/CPU_bsp/\libhal_bsp.a(alt_io_redirect.o)
 .bss           0x02011bac        0x0 C:/FPGAcontrol/CPU_bsp/\libhal_bsp.a(alt_irq_entry.o)
 .bss           0x02011bac        0x0 C:/FPGAcontrol/CPU_bsp/\libhal_bsp.a(alt_irq_handler.o)
 .bss           0x02011bac        0x0 C:/FPGAcontrol/CPU_bsp/\libhal_bsp.a(alt_irq_vars.o)
 .bss           0x02011bac        0x0 C:/FPGAcontrol/CPU_bsp/\libhal_bsp.a(alt_tick.o)
 .bss           0x02011bac        0x0 C:/FPGAcontrol/CPU_bsp/\libhal_bsp.a(altera_nios2_qsys_irq.o)
 .bss           0x02011bac        0x0 C:/FPGAcontrol/CPU_bsp/\libhal_bsp.a(alt_exception_entry.o)
 .bss           0x02011bac        0x0 C:/FPGAcontrol/CPU_bsp/\libhal_bsp.a(alt_icache_flush.o)
 .bss           0x02011bac        0x0 c:/altera/13.1/nios2eds/bin/gnu/h-i686-mingw32/bin/../lib/gcc/nios2-elf/4.7.3/../../../../../H-i686-mingw32/nios2-elf/lib\libc.a(lib_a-atexit.o)
 .bss           0x02011bac        0x0 c:/altera/13.1/nios2eds/bin/gnu/h-i686-mingw32/bin/../lib/gcc/nios2-elf/4.7.3/../../../../../H-i686-mingw32/nios2-elf/lib\libc.a(lib_a-exit.o)
 .bss           0x02011bac        0x0 c:/altera/13.1/nios2eds/bin/gnu/h-i686-mingw32/bin/../lib/gcc/nios2-elf/4.7.3/../../../../../H-i686-mingw32/nios2-elf/lib\libc.a(lib_a-memcmp.o)
 .bss           0x02011bac        0x0 c:/altera/13.1/nios2eds/bin/gnu/h-i686-mingw32/bin/../lib/gcc/nios2-elf/4.7.3/../../../../../H-i686-mingw32/nios2-elf/lib\libc.a(lib_a-__atexit.o)
 .bss           0x02011bac        0x0 c:/altera/13.1/nios2eds/bin/gnu/h-i686-mingw32/bin/../lib/gcc/nios2-elf/4.7.3/../../../../../H-i686-mingw32/nios2-elf/lib\libc.a(lib_a-__call_atexit.o)
 .bss           0x02011bac        0x0 C:/FPGAcontrol/CPU_bsp/\libhal_bsp.a(alt_exit.o)
 *(COMMON)
 COMMON         0x02011bac       0x50 obj/default/hello_world.o
                0x02011bac                rxBuf
 COMMON         0x02011bfc      0x100 C:/FPGAcontrol/CPU_bsp/\libhal_bsp.a(alt_irq_handler.o)
                0x02011bfc                alt_irq
 COMMON         0x02011cfc      0x190 c:/altera/13.1/nios2eds/bin/gnu/h-i686-mingw32/bin/../lib/gcc/nios2-elf/4.7.3/../../../../../H-i686-mingw32/nios2-elf/lib\libc.a(lib_a-atexit.o)
                0x02011cfc                _atexit0
                0x02011e8c                . = ALIGN (0x4)
                0x02011e8c                __bss_end = ABSOLUTE (.)

.SDRAM          0x02011e8c        0x0
                0x02011e8c                PROVIDE (_alt_partition_SDRAM_start, ABSOLUTE (.))
 *(.SDRAM .SDRAM. SDRAM.*)
                0x02011e8c                . = ALIGN (0x4)
                0x02011e8c                PROVIDE (_alt_partition_SDRAM_end, ABSOLUTE (.))
                0x02011e8c                _end = ABSOLUTE (.)
                0x02011e8c                end = ABSOLUTE (.)
                0x02011e8c                __alt_stack_base = ABSOLUTE (.)
                0x02011e8c                PROVIDE (_alt_partition_SDRAM_load_addr, LOADADDR (.SDRAM))

.onchip_memory2_0
                0x04008000        0x0 load address 0x02011e8c
                0x04008000                PROVIDE (_alt_partition_onchip_memory2_0_start, ABSOLUTE (.))
 *(.onchip_memory2_0 .onchip_memory2_0. onchip_memory2_0.*)
                0x04008000                . = ALIGN (0x4)
                0x04008000                PROVIDE (_alt_partition_onchip_memory2_0_end, ABSOLUTE (.))
                0x02011e8c                PROVIDE (_alt_partition_onchip_memory2_0_load_addr, LOADADDR (.onchip_memory2_0))

.stab
 *(.stab)

.stabstr
 *(.stabstr)

.stab.excl
 *(.stab.excl)

.stab.exclstr
 *(.stab.exclstr)

.stab.index
 *(.stab.index)

.stab.indexstr
 *(.stab.indexstr)

.comment        0x00000000       0x23
 *(.comment)
 .comment       0x00000000       0x23 obj/default/hello_world.o
                                 0x24 (size before relaxing)
 .comment       0x00000000       0x24 c:/altera/13.1/nios2eds/bin/gnu/h-i686-mingw32/bin/../lib/gcc/nios2-elf/4.7.3\libgcc.a(_udivdi3.o)
 .comment       0x00000000       0x24 c:/altera/13.1/nios2eds/bin/gnu/h-i686-mingw32/bin/../lib/gcc/nios2-elf/4.7.3\libgcc.a(lib2-divmod.o)
 .comment       0x00000000       0x24 c:/altera/13.1/nios2eds/bin/gnu/h-i686-mingw32/bin/../lib/gcc/nios2-elf/4.7.3\libgcc.a(_clz.o)
 .comment       0x00000000       0x24 c:/altera/13.1/nios2eds/bin/gnu/h-i686-mingw32/bin/../lib/gcc/nios2-elf/4.7.3/../../../../../H-i686-mingw32/nios2-elf/lib\libc.a(lib_a-fopen.o)
 .comment       0x00000000       0x24 c:/altera/13.1/nios2eds/bin/gnu/h-i686-mingw32/bin/../lib/gcc/nios2-elf/4.7.3/../../../../../H-i686-mingw32/nios2-elf/lib\libc.a(lib_a-fseek.o)
 .comment       0x00000000       0x24 c:/altera/13.1/nios2eds/bin/gnu/h-i686-mingw32/bin/../lib/gcc/nios2-elf/4.7.3/../../../../../H-i686-mingw32/nios2-elf/lib\libc.a(lib_a-fstatr.o)
 .comment       0x00000000       0x24 c:/altera/13.1/nios2eds/bin/gnu/h-i686-mingw32/bin/../lib/gcc/nios2-elf/4.7.3/../../../../../H-i686-mingw32/nios2-elf/lib\libc.a(lib_a-fwrite.o)
 .comment       0x00000000       0x24 c:/altera/13.1/nios2eds/bin/gnu/h-i686-mingw32/bin/../lib/gcc/nios2-elf/4.7.3/../../../../../H-i686-mingw32/nios2-elf/lib\libc.a(lib_a-getc.o)
 .comment       0x00000000       0x24 c:/altera/13.1/nios2eds/bin/gnu/h-i686-mingw32/bin/../lib/gcc/nios2-elf/4.7.3/../../../../../H-i686-mingw32/nios2-elf/lib\libc.a(lib_a-impure.o)
 .comment       0x00000000       0x24 c:/altera/13.1/nios2eds/bin/gnu/h-i686-mingw32/bin/../lib/gcc/nios2-elf/4.7.3/../../../../../H-i686-mingw32/nios2-elf/lib\libc.a(lib_a-int_errno.o)
 .comment       0x00000000       0x24 c:/altera/13.1/nios2eds/bin/gnu/h-i686-mingw32/bin/../lib/gcc/nios2-elf/4.7.3/../../../../../H-i686-mingw32/nios2-elf/lib\libc.a(lib_a-makebuf.o)
 .comment       0x00000000       0x24 c:/altera/13.1/nios2eds/bin/gnu/h-i686-mingw32/bin/../lib/gcc/nios2-elf/4.7.3/../../../../../H-i686-mingw32/nios2-elf/lib\libc.a(lib_a-mallocr.o)
 .comment       0x00000000       0x24 c:/altera/13.1/nios2eds/bin/gnu/h-i686-mingw32/bin/../lib/gcc/nios2-elf/4.7.3/../../../../../H-i686-mingw32/nios2-elf/lib\libc.a(lib_a-memcpy.o)
 .comment       0x00000000       0x24 c:/altera/13.1/nios2eds/bin/gnu/h-i686-mingw32/bin/../lib/gcc/nios2-elf/4.7.3/../../../../../H-i686-mingw32/nios2-elf/lib\libc.a(lib_a-openr.o)
 .comment       0x00000000       0x24 c:/altera/13.1/nios2eds/bin/gnu/h-i686-mingw32/bin/../lib/gcc/nios2-elf/4.7.3/../../../../../H-i686-mingw32/nios2-elf/lib\libc.a(lib_a-printf.o)
 .comment       0x00000000       0x24 c:/altera/13.1/nios2eds/bin/gnu/h-i686-mingw32/bin/../lib/gcc/nios2-elf/4.7.3/../../../../../H-i686-mingw32/nios2-elf/lib\libc.a(lib_a-putchar.o)
 .comment       0x00000000       0x24 c:/altera/13.1/nios2eds/bin/gnu/h-i686-mingw32/bin/../lib/gcc/nios2-elf/4.7.3/../../../../../H-i686-mingw32/nios2-elf/lib\libc.a(lib_a-puts.o)
 .comment       0x00000000       0x24 c:/altera/13.1/nios2eds/bin/gnu/h-i686-mingw32/bin/../lib/gcc/nios2-elf/4.7.3/../../../../../H-i686-mingw32/nios2-elf/lib\libc.a(lib_a-refill.o)
 .comment       0x00000000       0x24 c:/altera/13.1/nios2eds/bin/gnu/h-i686-mingw32/bin/../lib/gcc/nios2-elf/4.7.3/../../../../../H-i686-mingw32/nios2-elf/lib\libc.a(lib_a-rget.o)
 .comment       0x00000000       0x24 c:/altera/13.1/nios2eds/bin/gnu/h-i686-mingw32/bin/../lib/gcc/nios2-elf/4.7.3/../../../../../H-i686-mingw32/nios2-elf/lib\libc.a(lib_a-sbrkr.o)
 .comment       0x00000000       0x24 c:/altera/13.1/nios2eds/bin/gnu/h-i686-mingw32/bin/../lib/gcc/nios2-elf/4.7.3/../../../../../H-i686-mingw32/nios2-elf/lib\libc.a(lib_a-stdio.o)
 .comment       0x00000000       0x24 c:/altera/13.1/nios2eds/bin/gnu/h-i686-mingw32/bin/../lib/gcc/nios2-elf/4.7.3/../../../../../H-i686-mingw32/nios2-elf/lib\libc.a(lib_a-strlen.o)
 .comment       0x00000000       0x24 c:/altera/13.1/nios2eds/bin/gnu/h-i686-mingw32/bin/../lib/gcc/nios2-elf/4.7.3/../../../../../H-i686-mingw32/nios2-elf/lib\libc.a(lib_a-vfprintf.o)
 .comment       0x00000000       0x24 c:/altera/13.1/nios2eds/bin/gnu/h-i686-mingw32/bin/../lib/gcc/nios2-elf/4.7.3/../../../../../H-i686-mingw32/nios2-elf/lib\libc.a(lib_a-writer.o)
 .comment       0x00000000       0x24 c:/altera/13.1/nios2eds/bin/gnu/h-i686-mingw32/bin/../lib/gcc/nios2-elf/4.7.3/../../../../../H-i686-mingw32/nios2-elf/lib\libc.a(lib_a-wsetup.o)
 .comment       0x00000000       0x24 c:/altera/13.1/nios2eds/bin/gnu/h-i686-mingw32/bin/../lib/gcc/nios2-elf/4.7.3/../../../../../H-i686-mingw32/nios2-elf/lib\libc.a(lib_a-closer.o)
 .comment       0x00000000       0x24 c:/altera/13.1/nios2eds/bin/gnu/h-i686-mingw32/bin/../lib/gcc/nios2-elf/4.7.3/../../../../../H-i686-mingw32/nios2-elf/lib\libc.a(lib_a-dtoa.o)
 .comment       0x00000000       0x24 c:/altera/13.1/nios2eds/bin/gnu/h-i686-mingw32/bin/../lib/gcc/nios2-elf/4.7.3/../../../../../H-i686-mingw32/nios2-elf/lib\libc.a(lib_a-fflush.o)
 .comment       0x00000000       0x24 c:/altera/13.1/nios2eds/bin/gnu/h-i686-mingw32/bin/../lib/gcc/nios2-elf/4.7.3/../../../../../H-i686-mingw32/nios2-elf/lib\libc.a(lib_a-findfp.o)
 .comment       0x00000000       0x24 c:/altera/13.1/nios2eds/bin/gnu/h-i686-mingw32/bin/../lib/gcc/nios2-elf/4.7.3/../../../../../H-i686-mingw32/nios2-elf/lib\libc.a(lib_a-flags.o)
 .comment       0x00000000       0x24 c:/altera/13.1/nios2eds/bin/gnu/h-i686-mingw32/bin/../lib/gcc/nios2-elf/4.7.3/../../../../../H-i686-mingw32/nios2-elf/lib\libc.a(lib_a-freer.o)
 .comment       0x00000000       0x24 c:/altera/13.1/nios2eds/bin/gnu/h-i686-mingw32/bin/../lib/gcc/nios2-elf/4.7.3/../../../../../H-i686-mingw32/nios2-elf/lib\libc.a(lib_a-fvwrite.o)
 .comment       0x00000000       0x24 c:/altera/13.1/nios2eds/bin/gnu/h-i686-mingw32/bin/../lib/gcc/nios2-elf/4.7.3/../../../../../H-i686-mingw32/nios2-elf/lib\libc.a(lib_a-fwalk.o)
 .comment       0x00000000       0x24 c:/altera/13.1/nios2eds/bin/gnu/h-i686-mingw32/bin/../lib/gcc/nios2-elf/4.7.3/../../../../../H-i686-mingw32/nios2-elf/lib\libc.a(lib_a-isattyr.o)
 .comment       0x00000000       0x24 c:/altera/13.1/nios2eds/bin/gnu/h-i686-mingw32/bin/../lib/gcc/nios2-elf/4.7.3/../../../../../H-i686-mingw32/nios2-elf/lib\libc.a(lib_a-locale.o)
 .comment       0x00000000       0x24 c:/altera/13.1/nios2eds/bin/gnu/h-i686-mingw32/bin/../lib/gcc/nios2-elf/4.7.3/../../../../../H-i686-mingw32/nios2-elf/lib\libc.a(lib_a-lseekr.o)
 .comment       0x00000000       0x24 c:/altera/13.1/nios2eds/bin/gnu/h-i686-mingw32/bin/../lib/gcc/nios2-elf/4.7.3/../../../../../H-i686-mingw32/nios2-elf/lib\libc.a(lib_a-memchr.o)
 .comment       0x00000000       0x24 c:/altera/13.1/nios2eds/bin/gnu/h-i686-mingw32/bin/../lib/gcc/nios2-elf/4.7.3/../../../../../H-i686-mingw32/nios2-elf/lib\libc.a(lib_a-memmove.o)
 .comment       0x00000000       0x24 c:/altera/13.1/nios2eds/bin/gnu/h-i686-mingw32/bin/../lib/gcc/nios2-elf/4.7.3/../../../../../H-i686-mingw32/nios2-elf/lib\libc.a(lib_a-memset.o)
 .comment       0x00000000       0x24 c:/altera/13.1/nios2eds/bin/gnu/h-i686-mingw32/bin/../lib/gcc/nios2-elf/4.7.3/../../../../../H-i686-mingw32/nios2-elf/lib\libc.a(lib_a-mprec.o)
 .comment       0x00000000       0x24 c:/altera/13.1/nios2eds/bin/gnu/h-i686-mingw32/bin/../lib/gcc/nios2-elf/4.7.3/../../../../../H-i686-mingw32/nios2-elf/lib\libc.a(lib_a-putc.o)
 .comment       0x00000000       0x24 c:/altera/13.1/nios2eds/bin/gnu/h-i686-mingw32/bin/../lib/gcc/nios2-elf/4.7.3/../../../../../H-i686-mingw32/nios2-elf/lib\libc.a(lib_a-readr.o)
 .comment       0x00000000       0x24 c:/altera/13.1/nios2eds/bin/gnu/h-i686-mingw32/bin/../lib/gcc/nios2-elf/4.7.3/../../../../../H-i686-mingw32/nios2-elf/lib\libc.a(lib_a-reallocr.o)
 .comment       0x00000000       0x24 c:/altera/13.1/nios2eds/bin/gnu/h-i686-mingw32/bin/../lib/gcc/nios2-elf/4.7.3/../../../../../H-i686-mingw32/nios2-elf/lib\libc.a(lib_a-s_isinfd.o)
 .comment       0x00000000       0x24 c:/altera/13.1/nios2eds/bin/gnu/h-i686-mingw32/bin/../lib/gcc/nios2-elf/4.7.3/../../../../../H-i686-mingw32/nios2-elf/lib\libc.a(lib_a-s_isnand.o)
 .comment       0x00000000       0x24 c:/altera/13.1/nios2eds/bin/gnu/h-i686-mingw32/bin/../lib/gcc/nios2-elf/4.7.3/../../../../../H-i686-mingw32/nios2-elf/lib\libc.a(lib_a-strcmp.o)
 .comment       0x00000000       0x24 c:/altera/13.1/nios2eds/bin/gnu/h-i686-mingw32/bin/../lib/gcc/nios2-elf/4.7.3/../../../../../H-i686-mingw32/nios2-elf/lib\libc.a(lib_a-wbuf.o)
 .comment       0x00000000       0x24 c:/altera/13.1/nios2eds/bin/gnu/h-i686-mingw32/bin/../lib/gcc/nios2-elf/4.7.3/../../../../../H-i686-mingw32/nios2-elf/lib\libc.a(lib_a-callocr.o)
 .comment       0x00000000       0x24 c:/altera/13.1/nios2eds/bin/gnu/h-i686-mingw32/bin/../lib/gcc/nios2-elf/4.7.3/../../../../../H-i686-mingw32/nios2-elf/lib\libc.a(lib_a-fclose.o)
 .comment       0x00000000       0x24 c:/altera/13.1/nios2eds/bin/gnu/h-i686-mingw32/bin/../lib/gcc/nios2-elf/4.7.3\libgcc.a(_umoddi3.o)
 .comment       0x00000000       0x24 c:/altera/13.1/nios2eds/bin/gnu/h-i686-mingw32/bin/../lib/gcc/nios2-elf/4.7.3\libgcc.a(_addsub_df.o)
 .comment       0x00000000       0x24 c:/altera/13.1/nios2eds/bin/gnu/h-i686-mingw32/bin/../lib/gcc/nios2-elf/4.7.3\libgcc.a(_mul_df.o)
 .comment       0x00000000       0x24 c:/altera/13.1/nios2eds/bin/gnu/h-i686-mingw32/bin/../lib/gcc/nios2-elf/4.7.3\libgcc.a(_div_df.o)
 .comment       0x00000000       0x24 c:/altera/13.1/nios2eds/bin/gnu/h-i686-mingw32/bin/../lib/gcc/nios2-elf/4.7.3\libgcc.a(_eq_df.o)
 .comment       0x00000000       0x24 c:/altera/13.1/nios2eds/bin/gnu/h-i686-mingw32/bin/../lib/gcc/nios2-elf/4.7.3\libgcc.a(_ne_df.o)
 .comment       0x00000000       0x24 c:/altera/13.1/nios2eds/bin/gnu/h-i686-mingw32/bin/../lib/gcc/nios2-elf/4.7.3\libgcc.a(_gt_df.o)
 .comment       0x00000000       0x24 c:/altera/13.1/nios2eds/bin/gnu/h-i686-mingw32/bin/../lib/gcc/nios2-elf/4.7.3\libgcc.a(_ge_df.o)
 .comment       0x00000000       0x24 c:/altera/13.1/nios2eds/bin/gnu/h-i686-mingw32/bin/../lib/gcc/nios2-elf/4.7.3\libgcc.a(_lt_df.o)
 .comment       0x00000000       0x24 c:/altera/13.1/nios2eds/bin/gnu/h-i686-mingw32/bin/../lib/gcc/nios2-elf/4.7.3\libgcc.a(_si_to_df.o)
 .comment       0x00000000       0x24 c:/altera/13.1/nios2eds/bin/gnu/h-i686-mingw32/bin/../lib/gcc/nios2-elf/4.7.3\libgcc.a(_df_to_si.o)
 .comment       0x00000000       0x24 c:/altera/13.1/nios2eds/bin/gnu/h-i686-mingw32/bin/../lib/gcc/nios2-elf/4.7.3\libgcc.a(_thenan_df.o)
 .comment       0x00000000       0x24 c:/altera/13.1/nios2eds/bin/gnu/h-i686-mingw32/bin/../lib/gcc/nios2-elf/4.7.3\libgcc.a(_usi_to_df.o)
 .comment       0x00000000       0x24 c:/altera/13.1/nios2eds/bin/gnu/h-i686-mingw32/bin/../lib/gcc/nios2-elf/4.7.3\libgcc.a(_muldi3.o)
 .comment       0x00000000       0x24 c:/altera/13.1/nios2eds/bin/gnu/h-i686-mingw32/bin/../lib/gcc/nios2-elf/4.7.3\libgcc.a(_clzsi2.o)
 .comment       0x00000000       0x24 c:/altera/13.1/nios2eds/bin/gnu/h-i686-mingw32/bin/../lib/gcc/nios2-elf/4.7.3\libgcc.a(_pack_df.o)
 .comment       0x00000000       0x24 c:/altera/13.1/nios2eds/bin/gnu/h-i686-mingw32/bin/../lib/gcc/nios2-elf/4.7.3\libgcc.a(_unpack_df.o)
 .comment       0x00000000       0x24 c:/altera/13.1/nios2eds/bin/gnu/h-i686-mingw32/bin/../lib/gcc/nios2-elf/4.7.3\libgcc.a(_fpcmp_parts_df.o)
 .comment       0x00000000       0x24 c:/altera/13.1/nios2eds/bin/gnu/h-i686-mingw32/bin/../lib/gcc/nios2-elf/4.7.3\libgcc.a(_lshrdi3.o)
 .comment       0x00000000       0x24 c:/altera/13.1/nios2eds/bin/gnu/h-i686-mingw32/bin/../lib/gcc/nios2-elf/4.7.3\libgcc.a(_ashldi3.o)
 .comment       0x00000000       0x24 C:/FPGAcontrol/CPU_bsp/\libhal_bsp.a(alt_close.o)
 .comment       0x00000000       0x24 C:/FPGAcontrol/CPU_bsp/\libhal_bsp.a(alt_dev.o)
 .comment       0x00000000       0x24 C:/FPGAcontrol/CPU_bsp/\libhal_bsp.a(alt_errno.o)
 .comment       0x00000000       0x24 C:/FPGAcontrol/CPU_bsp/\libhal_bsp.a(alt_fstat.o)
 .comment       0x00000000       0x24 C:/FPGAcontrol/CPU_bsp/\libhal_bsp.a(alt_isatty.o)
 .comment       0x00000000       0x24 C:/FPGAcontrol/CPU_bsp/\libhal_bsp.a(alt_load.o)
 .comment       0x00000000       0x24 C:/FPGAcontrol/CPU_bsp/\libhal_bsp.a(alt_lseek.o)
 .comment       0x00000000       0x24 C:/FPGAcontrol/CPU_bsp/\libhal_bsp.a(alt_main.o)
 .comment       0x00000000       0x24 C:/FPGAcontrol/CPU_bsp/\libhal_bsp.a(alt_malloc_lock.o)
 .comment       0x00000000       0x24 C:/FPGAcontrol/CPU_bsp/\libhal_bsp.a(alt_open.o)
 .comment       0x00000000       0x24 C:/FPGAcontrol/CPU_bsp/\libhal_bsp.a(alt_read.o)
 .comment       0x00000000       0x24 C:/FPGAcontrol/CPU_bsp/\libhal_bsp.a(alt_release_fd.o)
 .comment       0x00000000       0x24 C:/FPGAcontrol/CPU_bsp/\libhal_bsp.a(alt_sbrk.o)
 .comment       0x00000000       0x24 C:/FPGAcontrol/CPU_bsp/\libhal_bsp.a(alt_usleep.o)
 .comment       0x00000000       0x24 C:/FPGAcontrol/CPU_bsp/\libhal_bsp.a(alt_write.o)
 .comment       0x00000000       0x24 C:/FPGAcontrol/CPU_bsp/\libhal_bsp.a(alt_sys_init.o)
 .comment       0x00000000       0x24 C:/FPGAcontrol/CPU_bsp/\libhal_bsp.a(altera_avalon_jtag_uart_fd.o)
 .comment       0x00000000       0x24 C:/FPGAcontrol/CPU_bsp/\libhal_bsp.a(altera_avalon_jtag_uart_init.o)
 .comment       0x00000000       0x24 C:/FPGAcontrol/CPU_bsp/\libhal_bsp.a(altera_avalon_jtag_uart_ioctl.o)
 .comment       0x00000000       0x24 C:/FPGAcontrol/CPU_bsp/\libhal_bsp.a(altera_avalon_jtag_uart_read.o)
 .comment       0x00000000       0x24 C:/FPGAcontrol/CPU_bsp/\libhal_bsp.a(altera_avalon_jtag_uart_write.o)
 .comment       0x00000000       0x24 C:/FPGAcontrol/CPU_bsp/\libhal_bsp.a(altera_avalon_timer_ts.o)
 .comment       0x00000000       0x24 C:/FPGAcontrol/CPU_bsp/\libhal_bsp.a(altera_avalon_timer_vars.o)
 .comment       0x00000000       0x24 C:/FPGAcontrol/CPU_bsp/\libhal_bsp.a(altera_avalon_uart_fd.o)
 .comment       0x00000000       0x24 C:/FPGAcontrol/CPU_bsp/\libhal_bsp.a(altera_avalon_uart_init.o)
 .comment       0x00000000       0x24 C:/FPGAcontrol/CPU_bsp/\libhal_bsp.a(altera_avalon_uart_read.o)